EEEE...EEE.EEEE.......................E........E........................ [ 29%]
...........................................E............................ [ 58%]
.........................EE............................................. [ 87%]
........................EEEEEEE                                          [100%]
=================================== ERRORS ====================================
_______________ ERROR at setup of test_add_then_ingest_via_cli ________________
.venv\Lib\site-packages\_pytest\runner.py:361: in from_call
    result: TResult | None = func()
                             ^^^^^^
.venv\Lib\site-packages\_pytest\runner.py:250: in <lambda>
    lambda: runtest_hook(item=item, **kwds),
            ^^^^^^^^^^^^^^^^^^^^^^^^^^^^^^^
.venv\Lib\site-packages\pluggy\_hooks.py:512: in __call__
    return self._hookexec(self.name, self._hookimpls.copy(), kwargs, firstresult)
           ^^^^^^^^^^^^^^^^^^^^^^^^^^^^^^^^^^^^^^^^^^^^^^^^^^^^^^^^^^^^^^^^^^^^^^
.venv\Lib\site-packages\pluggy\_manager.py:120: in _hookexec
    return self._inner_hookexec(hook_name, methods, kwargs, firstresult)
           ^^^^^^^^^^^^^^^^^^^^^^^^^^^^^^^^^^^^^^^^^^^^^^^^^^^^^^^^^^^^^
.venv\Lib\site-packages\_pytest\logging.py:858: in pytest_runtest_setup
    yield
.venv\Lib\site-packages\_pytest\capture.py:895: in pytest_runtest_setup
    return (yield)
            ^^^^^
.venv\Lib\site-packages\_pytest\runner.py:170: in pytest_runtest_setup
    item.session._setupstate.setup(item)
.venv\Lib\site-packages\_pytest\runner.py:536: in setup
    col.setup()
.venv\Lib\site-packages\_pytest\python.py:1710: in setup
    self._request._fillfixtures()
.venv\Lib\site-packages\_pytest\fixtures.py:806: in _fillfixtures
    item.funcargs[argname] = self.getfixturevalue(argname)
                             ^^^^^^^^^^^^^^^^^^^^^^^^^^^^^
.venv\Lib\site-packages\_pytest\fixtures.py:630: in getfixturevalue
    fixturedef = self._get_active_fixturedef(argname)
                 ^^^^^^^^^^^^^^^^^^^^^^^^^^^^^^^^^^^^
.venv\Lib\site-packages\_pytest\fixtures.py:726: in _get_active_fixturedef
    fixturedef.execute(request=subrequest)
.venv\Lib\site-packages\_pytest\fixtures.py:1232: in execute
    result: FixtureValue = ihook.pytest_fixture_setup(
.venv\Lib\site-packages\pluggy\_hooks.py:512: in __call__
    return self._hookexec(self.name, self._hookimpls.copy(), kwargs, firstresult)
           ^^^^^^^^^^^^^^^^^^^^^^^^^^^^^^^^^^^^^^^^^^^^^^^^^^^^^^^^^^^^^^^^^^^^^^
.venv\Lib\site-packages\pluggy\_manager.py:120: in _hookexec
    return self._inner_hookexec(hook_name, methods, kwargs, firstresult)
           ^^^^^^^^^^^^^^^^^^^^^^^^^^^^^^^^^^^^^^^^^^^^^^^^^^^^^^^^^^^^^
.venv\Lib\site-packages\pluggy\_callers.py:53: in run_old_style_hookwrapper
    return result.get_result()
           ^^^^^^^^^^^^^^^^^^^
.venv\Lib\site-packages\pluggy\_callers.py:38: in run_old_style_hookwrapper
    res = yield
          ^^^^^
.venv\Lib\site-packages\_pytest\setuponly.py:36: in pytest_fixture_setup
    return (yield)
            ^^^^^
.venv\Lib\site-packages\_pytest\fixtures.py:1328: in pytest_fixture_setup
    result = call_fixture_func(fixturefunc, request, kwargs)
             ^^^^^^^^^^^^^^^^^^^^^^^^^^^^^^^^^^^^^^^^^^^^^^^
.venv\Lib\site-packages\_pytest\fixtures.py:998: in call_fixture_func
    fixture_result = next(generator)
                     ^^^^^^^^^^^^^^^
.venv\Lib\site-packages\_pytest\tmpdir.py:300: in tmp_path
    path = _mk_tmp(request, tmp_path_factory)
           ^^^^^^^^^^^^^^^^^^^^^^^^^^^^^^^^^^
.venv\Lib\site-packages\_pytest\tmpdir.py:287: in _mk_tmp
    return factory.mktemp(name, numbered=True)
           ^^^^^^^^^^^^^^^^^^^^^^^^^^^^^^^^^^^
.venv\Lib\site-packages\_pytest\tmpdir.py:136: in mktemp
    basename = self._ensure_relative_to_basetemp(basename)
               ^^^^^^^^^^^^^^^^^^^^^^^^^^^^^^^^^^^^^^^^^^^
.venv\Lib\site-packages\_pytest\tmpdir.py:117: in _ensure_relative_to_basetemp
    if (self.getbasetemp() / basename).resolve().parent != self.getbasetemp():
        ^^^^^^^^^^^^^^^^^^
.venv\Lib\site-packages\_pytest\tmpdir.py:213: in getbasetemp
    basetemp = make_numbered_dir_with_cleanup(
.venv\Lib\site-packages\_pytest\pathlib.py:420: in make_numbered_dir_with_cleanup
    raise e
.venv\Lib\site-packages\_pytest\pathlib.py:401: in make_numbered_dir_with_cleanup
    p = make_numbered_dir(root, prefix, mode)
        ^^^^^^^^^^^^^^^^^^^^^^^^^^^^^^^^^^^^^
.venv\Lib\site-packages\_pytest\pathlib.py:228: in make_numbered_dir
    max_existing = max(map(parse_num, find_suffixes(root, prefix)), default=-1)
                   ^^^^^^^^^^^^^^^^^^^^^^^^^^^^^^^^^^^^^^^^^^^^^^^^^^^^^^^^^^^^
.venv\Lib\site-packages\_pytest\pathlib.py:187: in extract_suffixes
    for entry in iter:
                 ^^^^
.venv\Lib\site-packages\_pytest\pathlib.py:175: in find_prefixed
    for x in os.scandir(root):
             ^^^^^^^^^^^^^^^^
E   PermissionError: [WinError 5] Access is denied: 'C:\\Users\\sunara4530sw\\AppData\\Local\\Temp\\pytest-of-sunara4530sw'
________ ERROR at setup of test_ingest_with_no_holdings_prompts_to_add ________
.venv\Lib\site-packages\_pytest\runner.py:361: in from_call
    result: TResult | None = func()
                             ^^^^^^
.venv\Lib\site-packages\_pytest\runner.py:250: in <lambda>
    lambda: runtest_hook(item=item, **kwds),
            ^^^^^^^^^^^^^^^^^^^^^^^^^^^^^^^
.venv\Lib\site-packages\pluggy\_hooks.py:512: in __call__
    return self._hookexec(self.name, self._hookimpls.copy(), kwargs, firstresult)
           ^^^^^^^^^^^^^^^^^^^^^^^^^^^^^^^^^^^^^^^^^^^^^^^^^^^^^^^^^^^^^^^^^^^^^^
.venv\Lib\site-packages\pluggy\_manager.py:120: in _hookexec
    return self._inner_hookexec(hook_name, methods, kwargs, firstresult)
           ^^^^^^^^^^^^^^^^^^^^^^^^^^^^^^^^^^^^^^^^^^^^^^^^^^^^^^^^^^^^^
.venv\Lib\site-packages\_pytest\logging.py:858: in pytest_runtest_setup
    yield
.venv\Lib\site-packages\_pytest\capture.py:895: in pytest_runtest_setup
    return (yield)
            ^^^^^
.venv\Lib\site-packages\_pytest\runner.py:170: in pytest_runtest_setup
    item.session._setupstate.setup(item)
.venv\Lib\site-packages\_pytest\runner.py:536: in setup
    col.setup()
.venv\Lib\site-packages\_pytest\python.py:1710: in setup
    self._request._fillfixtures()
.venv\Lib\site-packages\_pytest\fixtures.py:806: in _fillfixtures
    item.funcargs[argname] = self.getfixturevalue(argname)
                             ^^^^^^^^^^^^^^^^^^^^^^^^^^^^^
.venv\Lib\site-packages\_pytest\fixtures.py:630: in getfixturevalue
    fixturedef = self._get_active_fixturedef(argname)
                 ^^^^^^^^^^^^^^^^^^^^^^^^^^^^^^^^^^^^
.venv\Lib\site-packages\_pytest\fixtures.py:726: in _get_active_fixturedef
    fixturedef.execute(request=subrequest)
.venv\Lib\site-packages\_pytest\fixtures.py:1232: in execute
    result: FixtureValue = ihook.pytest_fixture_setup(
.venv\Lib\site-packages\pluggy\_hooks.py:512: in __call__
    return self._hookexec(self.name, self._hookimpls.copy(), kwargs, firstresult)
           ^^^^^^^^^^^^^^^^^^^^^^^^^^^^^^^^^^^^^^^^^^^^^^^^^^^^^^^^^^^^^^^^^^^^^^
.venv\Lib\site-packages\pluggy\_manager.py:120: in _hookexec
    return self._inner_hookexec(hook_name, methods, kwargs, firstresult)
           ^^^^^^^^^^^^^^^^^^^^^^^^^^^^^^^^^^^^^^^^^^^^^^^^^^^^^^^^^^^^^
.venv\Lib\site-packages\pluggy\_callers.py:53: in run_old_style_hookwrapper
    return result.get_result()
           ^^^^^^^^^^^^^^^^^^^
.venv\Lib\site-packages\pluggy\_callers.py:38: in run_old_style_hookwrapper
    res = yield
          ^^^^^
.venv\Lib\site-packages\_pytest\setuponly.py:36: in pytest_fixture_setup
    return (yield)
            ^^^^^
.venv\Lib\site-packages\_pytest\fixtures.py:1328: in pytest_fixture_setup
    result = call_fixture_func(fixturefunc, request, kwargs)
             ^^^^^^^^^^^^^^^^^^^^^^^^^^^^^^^^^^^^^^^^^^^^^^^
.venv\Lib\site-packages\_pytest\fixtures.py:998: in call_fixture_func
    fixture_result = next(generator)
                     ^^^^^^^^^^^^^^^
.venv\Lib\site-packages\_pytest\tmpdir.py:300: in tmp_path
    path = _mk_tmp(request, tmp_path_factory)
           ^^^^^^^^^^^^^^^^^^^^^^^^^^^^^^^^^^
.venv\Lib\site-packages\_pytest\tmpdir.py:287: in _mk_tmp
    return factory.mktemp(name, numbered=True)
           ^^^^^^^^^^^^^^^^^^^^^^^^^^^^^^^^^^^
.venv\Lib\site-packages\_pytest\tmpdir.py:136: in mktemp
    basename = self._ensure_relative_to_basetemp(basename)
               ^^^^^^^^^^^^^^^^^^^^^^^^^^^^^^^^^^^^^^^^^^^
.venv\Lib\site-packages\_pytest\tmpdir.py:117: in _ensure_relative_to_basetemp
    if (self.getbasetemp() / basename).resolve().parent != self.getbasetemp():
        ^^^^^^^^^^^^^^^^^^
.venv\Lib\site-packages\_pytest\tmpdir.py:213: in getbasetemp
    basetemp = make_numbered_dir_with_cleanup(
.venv\Lib\site-packages\_pytest\pathlib.py:420: in make_numbered_dir_with_cleanup
    raise e
.venv\Lib\site-packages\_pytest\pathlib.py:401: in make_numbered_dir_with_cleanup
    p = make_numbered_dir(root, prefix, mode)
        ^^^^^^^^^^^^^^^^^^^^^^^^^^^^^^^^^^^^^
.venv\Lib\site-packages\_pytest\pathlib.py:228: in make_numbered_dir
    max_existing = max(map(parse_num, find_suffixes(root, prefix)), default=-1)
                   ^^^^^^^^^^^^^^^^^^^^^^^^^^^^^^^^^^^^^^^^^^^^^^^^^^^^^^^^^^^^
.venv\Lib\site-packages\_pytest\pathlib.py:187: in extract_suffixes
    for entry in iter:
                 ^^^^
.venv\Lib\site-packages\_pytest\pathlib.py:175: in find_prefixed
    for x in os.scandir(root):
             ^^^^^^^^^^^^^^^^
E   PermissionError: [WinError 5] Access is denied: 'C:\\Users\\sunara4530sw\\AppData\\Local\\Temp\\pytest-of-sunara4530sw'
_______________ ERROR at setup of test_watch_registers_via_cli ________________
.venv\Lib\site-packages\_pytest\runner.py:361: in from_call
    result: TResult | None = func()
                             ^^^^^^
.venv\Lib\site-packages\_pytest\runner.py:250: in <lambda>
    lambda: runtest_hook(item=item, **kwds),
            ^^^^^^^^^^^^^^^^^^^^^^^^^^^^^^^
.venv\Lib\site-packages\pluggy\_hooks.py:512: in __call__
    return self._hookexec(self.name, self._hookimpls.copy(), kwargs, firstresult)
           ^^^^^^^^^^^^^^^^^^^^^^^^^^^^^^^^^^^^^^^^^^^^^^^^^^^^^^^^^^^^^^^^^^^^^^
.venv\Lib\site-packages\pluggy\_manager.py:120: in _hookexec
    return self._inner_hookexec(hook_name, methods, kwargs, firstresult)
           ^^^^^^^^^^^^^^^^^^^^^^^^^^^^^^^^^^^^^^^^^^^^^^^^^^^^^^^^^^^^^
.venv\Lib\site-packages\_pytest\logging.py:858: in pytest_runtest_setup
    yield
.venv\Lib\site-packages\_pytest\capture.py:895: in pytest_runtest_setup
    return (yield)
            ^^^^^
.venv\Lib\site-packages\_pytest\runner.py:170: in pytest_runtest_setup
    item.session._setupstate.setup(item)
.venv\Lib\site-packages\_pytest\runner.py:536: in setup
    col.setup()
.venv\Lib\site-packages\_pytest\python.py:1710: in setup
    self._request._fillfixtures()
.venv\Lib\site-packages\_pytest\fixtures.py:806: in _fillfixtures
    item.funcargs[argname] = self.getfixturevalue(argname)
                             ^^^^^^^^^^^^^^^^^^^^^^^^^^^^^
.venv\Lib\site-packages\_pytest\fixtures.py:630: in getfixturevalue
    fixturedef = self._get_active_fixturedef(argname)
                 ^^^^^^^^^^^^^^^^^^^^^^^^^^^^^^^^^^^^
.venv\Lib\site-packages\_pytest\fixtures.py:726: in _get_active_fixturedef
    fixturedef.execute(request=subrequest)
.venv\Lib\site-packages\_pytest\fixtures.py:1232: in execute
    result: FixtureValue = ihook.pytest_fixture_setup(
.venv\Lib\site-packages\pluggy\_hooks.py:512: in __call__
    return self._hookexec(self.name, self._hookimpls.copy(), kwargs, firstresult)
           ^^^^^^^^^^^^^^^^^^^^^^^^^^^^^^^^^^^^^^^^^^^^^^^^^^^^^^^^^^^^^^^^^^^^^^
.venv\Lib\site-packages\pluggy\_manager.py:120: in _hookexec
    return self._inner_hookexec(hook_name, methods, kwargs, firstresult)
           ^^^^^^^^^^^^^^^^^^^^^^^^^^^^^^^^^^^^^^^^^^^^^^^^^^^^^^^^^^^^^
.venv\Lib\site-packages\pluggy\_callers.py:53: in run_old_style_hookwrapper
    return result.get_result()
           ^^^^^^^^^^^^^^^^^^^
.venv\Lib\site-packages\pluggy\_callers.py:38: in run_old_style_hookwrapper
    res = yield
          ^^^^^
.venv\Lib\site-packages\_pytest\setuponly.py:36: in pytest_fixture_setup
    return (yield)
            ^^^^^
.venv\Lib\site-packages\_pytest\fixtures.py:1328: in pytest_fixture_setup
    result = call_fixture_func(fixturefunc, request, kwargs)
             ^^^^^^^^^^^^^^^^^^^^^^^^^^^^^^^^^^^^^^^^^^^^^^^
.venv\Lib\site-packages\_pytest\fixtures.py:998: in call_fixture_func
    fixture_result = next(generator)
                     ^^^^^^^^^^^^^^^
.venv\Lib\site-packages\_pytest\tmpdir.py:300: in tmp_path
    path = _mk_tmp(request, tmp_path_factory)
           ^^^^^^^^^^^^^^^^^^^^^^^^^^^^^^^^^^
.venv\Lib\site-packages\_pytest\tmpdir.py:287: in _mk_tmp
    return factory.mktemp(name, numbered=True)
           ^^^^^^^^^^^^^^^^^^^^^^^^^^^^^^^^^^^
.venv\Lib\site-packages\_pytest\tmpdir.py:136: in mktemp
    basename = self._ensure_relative_to_basetemp(basename)
               ^^^^^^^^^^^^^^^^^^^^^^^^^^^^^^^^^^^^^^^^^^^
.venv\Lib\site-packages\_pytest\tmpdir.py:117: in _ensure_relative_to_basetemp
    if (self.getbasetemp() / basename).resolve().parent != self.getbasetemp():
        ^^^^^^^^^^^^^^^^^^
.venv\Lib\site-packages\_pytest\tmpdir.py:213: in getbasetemp
    basetemp = make_numbered_dir_with_cleanup(
.venv\Lib\site-packages\_pytest\pathlib.py:420: in make_numbered_dir_with_cleanup
    raise e
.venv\Lib\site-packages\_pytest\pathlib.py:401: in make_numbered_dir_with_cleanup
    p = make_numbered_dir(root, prefix, mode)
        ^^^^^^^^^^^^^^^^^^^^^^^^^^^^^^^^^^^^^
.venv\Lib\site-packages\_pytest\pathlib.py:228: in make_numbered_dir
    max_existing = max(map(parse_num, find_suffixes(root, prefix)), default=-1)
                   ^^^^^^^^^^^^^^^^^^^^^^^^^^^^^^^^^^^^^^^^^^^^^^^^^^^^^^^^^^^^
.venv\Lib\site-packages\_pytest\pathlib.py:187: in extract_suffixes
    for entry in iter:
                 ^^^^
.venv\Lib\site-packages\_pytest\pathlib.py:175: in find_prefixed
    for x in os.scandir(root):
             ^^^^^^^^^^^^^^^^
E   PermissionError: [WinError 5] Access is denied: 'C:\\Users\\sunara4530sw\\AppData\\Local\\Temp\\pytest-of-sunara4530sw'
__________ ERROR at setup of test_cli_ingest_renders_per_cik_errors ___________
.venv\Lib\site-packages\_pytest\runner.py:361: in from_call
    result: TResult | None = func()
                             ^^^^^^
.venv\Lib\site-packages\_pytest\runner.py:250: in <lambda>
    lambda: runtest_hook(item=item, **kwds),
            ^^^^^^^^^^^^^^^^^^^^^^^^^^^^^^^
.venv\Lib\site-packages\pluggy\_hooks.py:512: in __call__
    return self._hookexec(self.name, self._hookimpls.copy(), kwargs, firstresult)
           ^^^^^^^^^^^^^^^^^^^^^^^^^^^^^^^^^^^^^^^^^^^^^^^^^^^^^^^^^^^^^^^^^^^^^^
.venv\Lib\site-packages\pluggy\_manager.py:120: in _hookexec
    return self._inner_hookexec(hook_name, methods, kwargs, firstresult)
           ^^^^^^^^^^^^^^^^^^^^^^^^^^^^^^^^^^^^^^^^^^^^^^^^^^^^^^^^^^^^^
.venv\Lib\site-packages\_pytest\logging.py:858: in pytest_runtest_setup
    yield
.venv\Lib\site-packages\_pytest\capture.py:895: in pytest_runtest_setup
    return (yield)
            ^^^^^
.venv\Lib\site-packages\_pytest\runner.py:170: in pytest_runtest_setup
    item.session._setupstate.setup(item)
.venv\Lib\site-packages\_pytest\runner.py:536: in setup
    col.setup()
.venv\Lib\site-packages\_pytest\python.py:1710: in setup
    self._request._fillfixtures()
.venv\Lib\site-packages\_pytest\fixtures.py:806: in _fillfixtures
    item.funcargs[argname] = self.getfixturevalue(argname)
                             ^^^^^^^^^^^^^^^^^^^^^^^^^^^^^
.venv\Lib\site-packages\_pytest\fixtures.py:630: in getfixturevalue
    fixturedef = self._get_active_fixturedef(argname)
                 ^^^^^^^^^^^^^^^^^^^^^^^^^^^^^^^^^^^^
.venv\Lib\site-packages\_pytest\fixtures.py:726: in _get_active_fixturedef
    fixturedef.execute(request=subrequest)
.venv\Lib\site-packages\_pytest\fixtures.py:1232: in execute
    result: FixtureValue = ihook.pytest_fixture_setup(
.venv\Lib\site-packages\pluggy\_hooks.py:512: in __call__
    return self._hookexec(self.name, self._hookimpls.copy(), kwargs, firstresult)
           ^^^^^^^^^^^^^^^^^^^^^^^^^^^^^^^^^^^^^^^^^^^^^^^^^^^^^^^^^^^^^^^^^^^^^^
.venv\Lib\site-packages\pluggy\_manager.py:120: in _hookexec
    return self._inner_hookexec(hook_name, methods, kwargs, firstresult)
           ^^^^^^^^^^^^^^^^^^^^^^^^^^^^^^^^^^^^^^^^^^^^^^^^^^^^^^^^^^^^^
.venv\Lib\site-packages\pluggy\_callers.py:53: in run_old_style_hookwrapper
    return result.get_result()
           ^^^^^^^^^^^^^^^^^^^
.venv\Lib\site-packages\pluggy\_callers.py:38: in run_old_style_hookwrapper
    res = yield
          ^^^^^
.venv\Lib\site-packages\_pytest\setuponly.py:36: in pytest_fixture_setup
    return (yield)
            ^^^^^
.venv\Lib\site-packages\_pytest\fixtures.py:1328: in pytest_fixture_setup
    result = call_fixture_func(fixturefunc, request, kwargs)
             ^^^^^^^^^^^^^^^^^^^^^^^^^^^^^^^^^^^^^^^^^^^^^^^
.venv\Lib\site-packages\_pytest\fixtures.py:998: in call_fixture_func
    fixture_result = next(generator)
                     ^^^^^^^^^^^^^^^
.venv\Lib\site-packages\_pytest\tmpdir.py:300: in tmp_path
    path = _mk_tmp(request, tmp_path_factory)
           ^^^^^^^^^^^^^^^^^^^^^^^^^^^^^^^^^^
.venv\Lib\site-packages\_pytest\tmpdir.py:287: in _mk_tmp
    return factory.mktemp(name, numbered=True)
           ^^^^^^^^^^^^^^^^^^^^^^^^^^^^^^^^^^^
.venv\Lib\site-packages\_pytest\tmpdir.py:136: in mktemp
    basename = self._ensure_relative_to_basetemp(basename)
               ^^^^^^^^^^^^^^^^^^^^^^^^^^^^^^^^^^^^^^^^^^^
.venv\Lib\site-packages\_pytest\tmpdir.py:117: in _ensure_relative_to_basetemp
    if (self.getbasetemp() / basename).resolve().parent != self.getbasetemp():
        ^^^^^^^^^^^^^^^^^^
.venv\Lib\site-packages\_pytest\tmpdir.py:213: in getbasetemp
    basetemp = make_numbered_dir_with_cleanup(
.venv\Lib\site-packages\_pytest\pathlib.py:420: in make_numbered_dir_with_cleanup
    raise e
.venv\Lib\site-packages\_pytest\pathlib.py:401: in make_numbered_dir_with_cleanup
    p = make_numbered_dir(root, prefix, mode)
        ^^^^^^^^^^^^^^^^^^^^^^^^^^^^^^^^^^^^^
.venv\Lib\site-packages\_pytest\pathlib.py:228: in make_numbered_dir
    max_existing = max(map(parse_num, find_suffixes(root, prefix)), default=-1)
                   ^^^^^^^^^^^^^^^^^^^^^^^^^^^^^^^^^^^^^^^^^^^^^^^^^^^^^^^^^^^^
.venv\Lib\site-packages\_pytest\pathlib.py:187: in extract_suffixes
    for entry in iter:
                 ^^^^
.venv\Lib\site-packages\_pytest\pathlib.py:175: in find_prefixed
    for x in os.scandir(root):
             ^^^^^^^^^^^^^^^^
E   PermissionError: [WinError 5] Access is denied: 'C:\\Users\\sunara4530sw\\AppData\\Local\\Temp\\pytest-of-sunara4530sw'
__________ ERROR at setup of test_init_hard_fails_without_user_agent __________
.venv\Lib\site-packages\_pytest\runner.py:361: in from_call
    result: TResult | None = func()
                             ^^^^^^
.venv\Lib\site-packages\_pytest\runner.py:250: in <lambda>
    lambda: runtest_hook(item=item, **kwds),
            ^^^^^^^^^^^^^^^^^^^^^^^^^^^^^^^
.venv\Lib\site-packages\pluggy\_hooks.py:512: in __call__
    return self._hookexec(self.name, self._hookimpls.copy(), kwargs, firstresult)
           ^^^^^^^^^^^^^^^^^^^^^^^^^^^^^^^^^^^^^^^^^^^^^^^^^^^^^^^^^^^^^^^^^^^^^^
.venv\Lib\site-packages\pluggy\_manager.py:120: in _hookexec
    return self._inner_hookexec(hook_name, methods, kwargs, firstresult)
           ^^^^^^^^^^^^^^^^^^^^^^^^^^^^^^^^^^^^^^^^^^^^^^^^^^^^^^^^^^^^^
.venv\Lib\site-packages\_pytest\logging.py:858: in pytest_runtest_setup
    yield
.venv\Lib\site-packages\_pytest\capture.py:895: in pytest_runtest_setup
    return (yield)
            ^^^^^
.venv\Lib\site-packages\_pytest\runner.py:170: in pytest_runtest_setup
    item.session._setupstate.setup(item)
.venv\Lib\site-packages\_pytest\runner.py:536: in setup
    col.setup()
.venv\Lib\site-packages\_pytest\python.py:1710: in setup
    self._request._fillfixtures()
.venv\Lib\site-packages\_pytest\fixtures.py:806: in _fillfixtures
    item.funcargs[argname] = self.getfixturevalue(argname)
                             ^^^^^^^^^^^^^^^^^^^^^^^^^^^^^
.venv\Lib\site-packages\_pytest\fixtures.py:630: in getfixturevalue
    fixturedef = self._get_active_fixturedef(argname)
                 ^^^^^^^^^^^^^^^^^^^^^^^^^^^^^^^^^^^^
.venv\Lib\site-packages\_pytest\fixtures.py:726: in _get_active_fixturedef
    fixturedef.execute(request=subrequest)
.venv\Lib\site-packages\_pytest\fixtures.py:1232: in execute
    result: FixtureValue = ihook.pytest_fixture_setup(
.venv\Lib\site-packages\pluggy\_hooks.py:512: in __call__
    return self._hookexec(self.name, self._hookimpls.copy(), kwargs, firstresult)
           ^^^^^^^^^^^^^^^^^^^^^^^^^^^^^^^^^^^^^^^^^^^^^^^^^^^^^^^^^^^^^^^^^^^^^^
.venv\Lib\site-packages\pluggy\_manager.py:120: in _hookexec
    return self._inner_hookexec(hook_name, methods, kwargs, firstresult)
           ^^^^^^^^^^^^^^^^^^^^^^^^^^^^^^^^^^^^^^^^^^^^^^^^^^^^^^^^^^^^^
.venv\Lib\site-packages\pluggy\_callers.py:53: in run_old_style_hookwrapper
    return result.get_result()
           ^^^^^^^^^^^^^^^^^^^
.venv\Lib\site-packages\pluggy\_callers.py:38: in run_old_style_hookwrapper
    res = yield
          ^^^^^
.venv\Lib\site-packages\_pytest\setuponly.py:36: in pytest_fixture_setup
    return (yield)
            ^^^^^
.venv\Lib\site-packages\_pytest\fixtures.py:1328: in pytest_fixture_setup
    result = call_fixture_func(fixturefunc, request, kwargs)
             ^^^^^^^^^^^^^^^^^^^^^^^^^^^^^^^^^^^^^^^^^^^^^^^
.venv\Lib\site-packages\_pytest\fixtures.py:998: in call_fixture_func
    fixture_result = next(generator)
                     ^^^^^^^^^^^^^^^
.venv\Lib\site-packages\_pytest\tmpdir.py:300: in tmp_path
    path = _mk_tmp(request, tmp_path_factory)
           ^^^^^^^^^^^^^^^^^^^^^^^^^^^^^^^^^^
.venv\Lib\site-packages\_pytest\tmpdir.py:287: in _mk_tmp
    return factory.mktemp(name, numbered=True)
           ^^^^^^^^^^^^^^^^^^^^^^^^^^^^^^^^^^^
.venv\Lib\site-packages\_pytest\tmpdir.py:136: in mktemp
    basename = self._ensure_relative_to_basetemp(basename)
               ^^^^^^^^^^^^^^^^^^^^^^^^^^^^^^^^^^^^^^^^^^^
.venv\Lib\site-packages\_pytest\tmpdir.py:117: in _ensure_relative_to_basetemp
    if (self.getbasetemp() / basename).resolve().parent != self.getbasetemp():
        ^^^^^^^^^^^^^^^^^^
.venv\Lib\site-packages\_pytest\tmpdir.py:213: in getbasetemp
    basetemp = make_numbered_dir_with_cleanup(
.venv\Lib\site-packages\_pytest\pathlib.py:420: in make_numbered_dir_with_cleanup
    raise e
.venv\Lib\site-packages\_pytest\pathlib.py:401: in make_numbered_dir_with_cleanup
    p = make_numbered_dir(root, prefix, mode)
        ^^^^^^^^^^^^^^^^^^^^^^^^^^^^^^^^^^^^^
.venv\Lib\site-packages\_pytest\pathlib.py:228: in make_numbered_dir
    max_existing = max(map(parse_num, find_suffixes(root, prefix)), default=-1)
                   ^^^^^^^^^^^^^^^^^^^^^^^^^^^^^^^^^^^^^^^^^^^^^^^^^^^^^^^^^^^^
.venv\Lib\site-packages\_pytest\pathlib.py:187: in extract_suffixes
    for entry in iter:
                 ^^^^
.venv\Lib\site-packages\_pytest\pathlib.py:175: in find_prefixed
    for x in os.scandir(root):
             ^^^^^^^^^^^^^^^^
E   PermissionError: [WinError 5] Access is denied: 'C:\\Users\\sunara4530sw\\AppData\\Local\\Temp\\pytest-of-sunara4530sw'
____________ ERROR at setup of test_init_succeeds_with_user_agent _____________
.venv\Lib\site-packages\_pytest\runner.py:361: in from_call
    result: TResult | None = func()
                             ^^^^^^
.venv\Lib\site-packages\_pytest\runner.py:250: in <lambda>
    lambda: runtest_hook(item=item, **kwds),
            ^^^^^^^^^^^^^^^^^^^^^^^^^^^^^^^
.venv\Lib\site-packages\pluggy\_hooks.py:512: in __call__
    return self._hookexec(self.name, self._hookimpls.copy(), kwargs, firstresult)
           ^^^^^^^^^^^^^^^^^^^^^^^^^^^^^^^^^^^^^^^^^^^^^^^^^^^^^^^^^^^^^^^^^^^^^^
.venv\Lib\site-packages\pluggy\_manager.py:120: in _hookexec
    return self._inner_hookexec(hook_name, methods, kwargs, firstresult)
           ^^^^^^^^^^^^^^^^^^^^^^^^^^^^^^^^^^^^^^^^^^^^^^^^^^^^^^^^^^^^^
.venv\Lib\site-packages\_pytest\logging.py:858: in pytest_runtest_setup
    yield
.venv\Lib\site-packages\_pytest\capture.py:895: in pytest_runtest_setup
    return (yield)
            ^^^^^
.venv\Lib\site-packages\_pytest\runner.py:170: in pytest_runtest_setup
    item.session._setupstate.setup(item)
.venv\Lib\site-packages\_pytest\runner.py:536: in setup
    col.setup()
.venv\Lib\site-packages\_pytest\python.py:1710: in setup
    self._request._fillfixtures()
.venv\Lib\site-packages\_pytest\fixtures.py:806: in _fillfixtures
    item.funcargs[argname] = self.getfixturevalue(argname)
                             ^^^^^^^^^^^^^^^^^^^^^^^^^^^^^
.venv\Lib\site-packages\_pytest\fixtures.py:630: in getfixturevalue
    fixturedef = self._get_active_fixturedef(argname)
                 ^^^^^^^^^^^^^^^^^^^^^^^^^^^^^^^^^^^^
.venv\Lib\site-packages\_pytest\fixtures.py:726: in _get_active_fixturedef
    fixturedef.execute(request=subrequest)
.venv\Lib\site-packages\_pytest\fixtures.py:1232: in execute
    result: FixtureValue = ihook.pytest_fixture_setup(
.venv\Lib\site-packages\pluggy\_hooks.py:512: in __call__
    return self._hookexec(self.name, self._hookimpls.copy(), kwargs, firstresult)
           ^^^^^^^^^^^^^^^^^^^^^^^^^^^^^^^^^^^^^^^^^^^^^^^^^^^^^^^^^^^^^^^^^^^^^^
.venv\Lib\site-packages\pluggy\_manager.py:120: in _hookexec
    return self._inner_hookexec(hook_name, methods, kwargs, firstresult)
           ^^^^^^^^^^^^^^^^^^^^^^^^^^^^^^^^^^^^^^^^^^^^^^^^^^^^^^^^^^^^^
.venv\Lib\site-packages\pluggy\_callers.py:53: in run_old_style_hookwrapper
    return result.get_result()
           ^^^^^^^^^^^^^^^^^^^
.venv\Lib\site-packages\pluggy\_callers.py:38: in run_old_style_hookwrapper
    res = yield
          ^^^^^
.venv\Lib\site-packages\_pytest\setuponly.py:36: in pytest_fixture_setup
    return (yield)
            ^^^^^
.venv\Lib\site-packages\_pytest\fixtures.py:1328: in pytest_fixture_setup
    result = call_fixture_func(fixturefunc, request, kwargs)
             ^^^^^^^^^^^^^^^^^^^^^^^^^^^^^^^^^^^^^^^^^^^^^^^
.venv\Lib\site-packages\_pytest\fixtures.py:998: in call_fixture_func
    fixture_result = next(generator)
                     ^^^^^^^^^^^^^^^
.venv\Lib\site-packages\_pytest\tmpdir.py:300: in tmp_path
    path = _mk_tmp(request, tmp_path_factory)
           ^^^^^^^^^^^^^^^^^^^^^^^^^^^^^^^^^^
.venv\Lib\site-packages\_pytest\tmpdir.py:287: in _mk_tmp
    return factory.mktemp(name, numbered=True)
           ^^^^^^^^^^^^^^^^^^^^^^^^^^^^^^^^^^^
.venv\Lib\site-packages\_pytest\tmpdir.py:136: in mktemp
    basename = self._ensure_relative_to_basetemp(basename)
               ^^^^^^^^^^^^^^^^^^^^^^^^^^^^^^^^^^^^^^^^^^^
.venv\Lib\site-packages\_pytest\tmpdir.py:117: in _ensure_relative_to_basetemp
    if (self.getbasetemp() / basename).resolve().parent != self.getbasetemp():
        ^^^^^^^^^^^^^^^^^^
.venv\Lib\site-packages\_pytest\tmpdir.py:213: in getbasetemp
    basetemp = make_numbered_dir_with_cleanup(
.venv\Lib\site-packages\_pytest\pathlib.py:420: in make_numbered_dir_with_cleanup
    raise e
.venv\Lib\site-packages\_pytest\pathlib.py:401: in make_numbered_dir_with_cleanup
    p = make_numbered_dir(root, prefix, mode)
        ^^^^^^^^^^^^^^^^^^^^^^^^^^^^^^^^^^^^^
.venv\Lib\site-packages\_pytest\pathlib.py:228: in make_numbered_dir
    max_existing = max(map(parse_num, find_suffixes(root, prefix)), default=-1)
                   ^^^^^^^^^^^^^^^^^^^^^^^^^^^^^^^^^^^^^^^^^^^^^^^^^^^^^^^^^^^^
.venv\Lib\site-packages\_pytest\pathlib.py:187: in extract_suffixes
    for entry in iter:
                 ^^^^
.venv\Lib\site-packages\_pytest\pathlib.py:175: in find_prefixed
    for x in os.scandir(root):
             ^^^^^^^^^^^^^^^^
E   PermissionError: [WinError 5] Access is denied: 'C:\\Users\\sunara4530sw\\AppData\\Local\\Temp\\pytest-of-sunara4530sw'
______________ ERROR at setup of test_init_creates_database_file ______________
.venv\Lib\site-packages\_pytest\runner.py:361: in from_call
    result: TResult | None = func()
                             ^^^^^^
.venv\Lib\site-packages\_pytest\runner.py:250: in <lambda>
    lambda: runtest_hook(item=item, **kwds),
            ^^^^^^^^^^^^^^^^^^^^^^^^^^^^^^^
.venv\Lib\site-packages\pluggy\_hooks.py:512: in __call__
    return self._hookexec(self.name, self._hookimpls.copy(), kwargs, firstresult)
           ^^^^^^^^^^^^^^^^^^^^^^^^^^^^^^^^^^^^^^^^^^^^^^^^^^^^^^^^^^^^^^^^^^^^^^
.venv\Lib\site-packages\pluggy\_manager.py:120: in _hookexec
    return self._inner_hookexec(hook_name, methods, kwargs, firstresult)
           ^^^^^^^^^^^^^^^^^^^^^^^^^^^^^^^^^^^^^^^^^^^^^^^^^^^^^^^^^^^^^
.venv\Lib\site-packages\_pytest\logging.py:858: in pytest_runtest_setup
    yield
.venv\Lib\site-packages\_pytest\capture.py:895: in pytest_runtest_setup
    return (yield)
            ^^^^^
.venv\Lib\site-packages\_pytest\runner.py:170: in pytest_runtest_setup
    item.session._setupstate.setup(item)
.venv\Lib\site-packages\_pytest\runner.py:536: in setup
    col.setup()
.venv\Lib\site-packages\_pytest\python.py:1710: in setup
    self._request._fillfixtures()
.venv\Lib\site-packages\_pytest\fixtures.py:806: in _fillfixtures
    item.funcargs[argname] = self.getfixturevalue(argname)
                             ^^^^^^^^^^^^^^^^^^^^^^^^^^^^^
.venv\Lib\site-packages\_pytest\fixtures.py:630: in getfixturevalue
    fixturedef = self._get_active_fixturedef(argname)
                 ^^^^^^^^^^^^^^^^^^^^^^^^^^^^^^^^^^^^
.venv\Lib\site-packages\_pytest\fixtures.py:726: in _get_active_fixturedef
    fixturedef.execute(request=subrequest)
.venv\Lib\site-packages\_pytest\fixtures.py:1232: in execute
    result: FixtureValue = ihook.pytest_fixture_setup(
.venv\Lib\site-packages\pluggy\_hooks.py:512: in __call__
    return self._hookexec(self.name, self._hookimpls.copy(), kwargs, firstresult)
           ^^^^^^^^^^^^^^^^^^^^^^^^^^^^^^^^^^^^^^^^^^^^^^^^^^^^^^^^^^^^^^^^^^^^^^
.venv\Lib\site-packages\pluggy\_manager.py:120: in _hookexec
    return self._inner_hookexec(hook_name, methods, kwargs, firstresult)
           ^^^^^^^^^^^^^^^^^^^^^^^^^^^^^^^^^^^^^^^^^^^^^^^^^^^^^^^^^^^^^
.venv\Lib\site-packages\pluggy\_callers.py:53: in run_old_style_hookwrapper
    return result.get_result()
           ^^^^^^^^^^^^^^^^^^^
.venv\Lib\site-packages\pluggy\_callers.py:38: in run_old_style_hookwrapper
    res = yield
          ^^^^^
.venv\Lib\site-packages\_pytest\setuponly.py:36: in pytest_fixture_setup
    return (yield)
            ^^^^^
.venv\Lib\site-packages\_pytest\fixtures.py:1328: in pytest_fixture_setup
    result = call_fixture_func(fixturefunc, request, kwargs)
             ^^^^^^^^^^^^^^^^^^^^^^^^^^^^^^^^^^^^^^^^^^^^^^^
.venv\Lib\site-packages\_pytest\fixtures.py:998: in call_fixture_func
    fixture_result = next(generator)
                     ^^^^^^^^^^^^^^^
.venv\Lib\site-packages\_pytest\tmpdir.py:300: in tmp_path
    path = _mk_tmp(request, tmp_path_factory)
           ^^^^^^^^^^^^^^^^^^^^^^^^^^^^^^^^^^
.venv\Lib\site-packages\_pytest\tmpdir.py:287: in _mk_tmp
    return factory.mktemp(name, numbered=True)
           ^^^^^^^^^^^^^^^^^^^^^^^^^^^^^^^^^^^
.venv\Lib\site-packages\_pytest\tmpdir.py:136: in mktemp
    basename = self._ensure_relative_to_basetemp(basename)
               ^^^^^^^^^^^^^^^^^^^^^^^^^^^^^^^^^^^^^^^^^^^
.venv\Lib\site-packages\_pytest\tmpdir.py:117: in _ensure_relative_to_basetemp
    if (self.getbasetemp() / basename).resolve().parent != self.getbasetemp():
        ^^^^^^^^^^^^^^^^^^
.venv\Lib\site-packages\_pytest\tmpdir.py:213: in getbasetemp
    basetemp = make_numbered_dir_with_cleanup(
.venv\Lib\site-packages\_pytest\pathlib.py:420: in make_numbered_dir_with_cleanup
    raise e
.venv\Lib\site-packages\_pytest\pathlib.py:401: in make_numbered_dir_with_cleanup
    p = make_numbered_dir(root, prefix, mode)
        ^^^^^^^^^^^^^^^^^^^^^^^^^^^^^^^^^^^^^
.venv\Lib\site-packages\_pytest\pathlib.py:228: in make_numbered_dir
    max_existing = max(map(parse_num, find_suffixes(root, prefix)), default=-1)
                   ^^^^^^^^^^^^^^^^^^^^^^^^^^^^^^^^^^^^^^^^^^^^^^^^^^^^^^^^^^^^
.venv\Lib\site-packages\_pytest\pathlib.py:187: in extract_suffixes
    for entry in iter:
                 ^^^^
.venv\Lib\site-packages\_pytest\pathlib.py:175: in find_prefixed
    for x in os.scandir(root):
             ^^^^^^^^^^^^^^^^
E   PermissionError: [WinError 5] Access is denied: 'C:\\Users\\sunara4530sw\\AppData\\Local\\Temp\\pytest-of-sunara4530sw'
______ ERROR at setup of test_load_config_hard_fails_without_user_agent _______
.venv\Lib\site-packages\_pytest\runner.py:361: in from_call
    result: TResult | None = func()
                             ^^^^^^
.venv\Lib\site-packages\_pytest\runner.py:250: in <lambda>
    lambda: runtest_hook(item=item, **kwds),
            ^^^^^^^^^^^^^^^^^^^^^^^^^^^^^^^
.venv\Lib\site-packages\pluggy\_hooks.py:512: in __call__
    return self._hookexec(self.name, self._hookimpls.copy(), kwargs, firstresult)
           ^^^^^^^^^^^^^^^^^^^^^^^^^^^^^^^^^^^^^^^^^^^^^^^^^^^^^^^^^^^^^^^^^^^^^^
.venv\Lib\site-packages\pluggy\_manager.py:120: in _hookexec
    return self._inner_hookexec(hook_name, methods, kwargs, firstresult)
           ^^^^^^^^^^^^^^^^^^^^^^^^^^^^^^^^^^^^^^^^^^^^^^^^^^^^^^^^^^^^^
.venv\Lib\site-packages\_pytest\logging.py:858: in pytest_runtest_setup
    yield
.venv\Lib\site-packages\_pytest\capture.py:895: in pytest_runtest_setup
    return (yield)
            ^^^^^
.venv\Lib\site-packages\_pytest\runner.py:170: in pytest_runtest_setup
    item.session._setupstate.setup(item)
.venv\Lib\site-packages\_pytest\runner.py:536: in setup
    col.setup()
.venv\Lib\site-packages\_pytest\python.py:1710: in setup
    self._request._fillfixtures()
.venv\Lib\site-packages\_pytest\fixtures.py:806: in _fillfixtures
    item.funcargs[argname] = self.getfixturevalue(argname)
                             ^^^^^^^^^^^^^^^^^^^^^^^^^^^^^
.venv\Lib\site-packages\_pytest\fixtures.py:630: in getfixturevalue
    fixturedef = self._get_active_fixturedef(argname)
                 ^^^^^^^^^^^^^^^^^^^^^^^^^^^^^^^^^^^^
.venv\Lib\site-packages\_pytest\fixtures.py:726: in _get_active_fixturedef
    fixturedef.execute(request=subrequest)
.venv\Lib\site-packages\_pytest\fixtures.py:1232: in execute
    result: FixtureValue = ihook.pytest_fixture_setup(
.venv\Lib\site-packages\pluggy\_hooks.py:512: in __call__
    return self._hookexec(self.name, self._hookimpls.copy(), kwargs, firstresult)
           ^^^^^^^^^^^^^^^^^^^^^^^^^^^^^^^^^^^^^^^^^^^^^^^^^^^^^^^^^^^^^^^^^^^^^^
.venv\Lib\site-packages\pluggy\_manager.py:120: in _hookexec
    return self._inner_hookexec(hook_name, methods, kwargs, firstresult)
           ^^^^^^^^^^^^^^^^^^^^^^^^^^^^^^^^^^^^^^^^^^^^^^^^^^^^^^^^^^^^^
.venv\Lib\site-packages\pluggy\_callers.py:53: in run_old_style_hookwrapper
    return result.get_result()
           ^^^^^^^^^^^^^^^^^^^
.venv\Lib\site-packages\pluggy\_callers.py:38: in run_old_style_hookwrapper
    res = yield
          ^^^^^
.venv\Lib\site-packages\_pytest\setuponly.py:36: in pytest_fixture_setup
    return (yield)
            ^^^^^
.venv\Lib\site-packages\_pytest\fixtures.py:1328: in pytest_fixture_setup
    result = call_fixture_func(fixturefunc, request, kwargs)
             ^^^^^^^^^^^^^^^^^^^^^^^^^^^^^^^^^^^^^^^^^^^^^^^
.venv\Lib\site-packages\_pytest\fixtures.py:998: in call_fixture_func
    fixture_result = next(generator)
                     ^^^^^^^^^^^^^^^
.venv\Lib\site-packages\_pytest\tmpdir.py:300: in tmp_path
    path = _mk_tmp(request, tmp_path_factory)
           ^^^^^^^^^^^^^^^^^^^^^^^^^^^^^^^^^^
.venv\Lib\site-packages\_pytest\tmpdir.py:287: in _mk_tmp
    return factory.mktemp(name, numbered=True)
           ^^^^^^^^^^^^^^^^^^^^^^^^^^^^^^^^^^^
.venv\Lib\site-packages\_pytest\tmpdir.py:136: in mktemp
    basename = self._ensure_relative_to_basetemp(basename)
               ^^^^^^^^^^^^^^^^^^^^^^^^^^^^^^^^^^^^^^^^^^^
.venv\Lib\site-packages\_pytest\tmpdir.py:117: in _ensure_relative_to_basetemp
    if (self.getbasetemp() / basename).resolve().parent != self.getbasetemp():
        ^^^^^^^^^^^^^^^^^^
.venv\Lib\site-packages\_pytest\tmpdir.py:213: in getbasetemp
    basetemp = make_numbered_dir_with_cleanup(
.venv\Lib\site-packages\_pytest\pathlib.py:420: in make_numbered_dir_with_cleanup
    raise e
.venv\Lib\site-packages\_pytest\pathlib.py:401: in make_numbered_dir_with_cleanup
    p = make_numbered_dir(root, prefix, mode)
        ^^^^^^^^^^^^^^^^^^^^^^^^^^^^^^^^^^^^^
.venv\Lib\site-packages\_pytest\pathlib.py:228: in make_numbered_dir
    max_existing = max(map(parse_num, find_suffixes(root, prefix)), default=-1)
                   ^^^^^^^^^^^^^^^^^^^^^^^^^^^^^^^^^^^^^^^^^^^^^^^^^^^^^^^^^^^^
.venv\Lib\site-packages\_pytest\pathlib.py:187: in extract_suffixes
    for entry in iter:
                 ^^^^
.venv\Lib\site-packages\_pytest\pathlib.py:175: in find_prefixed
    for x in os.scandir(root):
             ^^^^^^^^^^^^^^^^
E   PermissionError: [WinError 5] Access is denied: 'C:\\Users\\sunara4530sw\\AppData\\Local\\Temp\\pytest-of-sunara4530sw'
________ ERROR at setup of test_load_config_reads_user_agent_from_env _________
.venv\Lib\site-packages\_pytest\runner.py:361: in from_call
    result: TResult | None = func()
                             ^^^^^^
.venv\Lib\site-packages\_pytest\runner.py:250: in <lambda>
    lambda: runtest_hook(item=item, **kwds),
            ^^^^^^^^^^^^^^^^^^^^^^^^^^^^^^^
.venv\Lib\site-packages\pluggy\_hooks.py:512: in __call__
    return self._hookexec(self.name, self._hookimpls.copy(), kwargs, firstresult)
           ^^^^^^^^^^^^^^^^^^^^^^^^^^^^^^^^^^^^^^^^^^^^^^^^^^^^^^^^^^^^^^^^^^^^^^
.venv\Lib\site-packages\pluggy\_manager.py:120: in _hookexec
    return self._inner_hookexec(hook_name, methods, kwargs, firstresult)
           ^^^^^^^^^^^^^^^^^^^^^^^^^^^^^^^^^^^^^^^^^^^^^^^^^^^^^^^^^^^^^
.venv\Lib\site-packages\_pytest\logging.py:858: in pytest_runtest_setup
    yield
.venv\Lib\site-packages\_pytest\capture.py:895: in pytest_runtest_setup
    return (yield)
            ^^^^^
.venv\Lib\site-packages\_pytest\runner.py:170: in pytest_runtest_setup
    item.session._setupstate.setup(item)
.venv\Lib\site-packages\_pytest\runner.py:536: in setup
    col.setup()
.venv\Lib\site-packages\_pytest\python.py:1710: in setup
    self._request._fillfixtures()
.venv\Lib\site-packages\_pytest\fixtures.py:806: in _fillfixtures
    item.funcargs[argname] = self.getfixturevalue(argname)
                             ^^^^^^^^^^^^^^^^^^^^^^^^^^^^^
.venv\Lib\site-packages\_pytest\fixtures.py:630: in getfixturevalue
    fixturedef = self._get_active_fixturedef(argname)
                 ^^^^^^^^^^^^^^^^^^^^^^^^^^^^^^^^^^^^
.venv\Lib\site-packages\_pytest\fixtures.py:726: in _get_active_fixturedef
    fixturedef.execute(request=subrequest)
.venv\Lib\site-packages\_pytest\fixtures.py:1232: in execute
    result: FixtureValue = ihook.pytest_fixture_setup(
.venv\Lib\site-packages\pluggy\_hooks.py:512: in __call__
    return self._hookexec(self.name, self._hookimpls.copy(), kwargs, firstresult)
           ^^^^^^^^^^^^^^^^^^^^^^^^^^^^^^^^^^^^^^^^^^^^^^^^^^^^^^^^^^^^^^^^^^^^^^
.venv\Lib\site-packages\pluggy\_manager.py:120: in _hookexec
    return self._inner_hookexec(hook_name, methods, kwargs, firstresult)
           ^^^^^^^^^^^^^^^^^^^^^^^^^^^^^^^^^^^^^^^^^^^^^^^^^^^^^^^^^^^^^
.venv\Lib\site-packages\pluggy\_callers.py:53: in run_old_style_hookwrapper
    return result.get_result()
           ^^^^^^^^^^^^^^^^^^^
.venv\Lib\site-packages\pluggy\_callers.py:38: in run_old_style_hookwrapper
    res = yield
          ^^^^^
.venv\Lib\site-packages\_pytest\setuponly.py:36: in pytest_fixture_setup
    return (yield)
            ^^^^^
.venv\Lib\site-packages\_pytest\fixtures.py:1328: in pytest_fixture_setup
    result = call_fixture_func(fixturefunc, request, kwargs)
             ^^^^^^^^^^^^^^^^^^^^^^^^^^^^^^^^^^^^^^^^^^^^^^^
.venv\Lib\site-packages\_pytest\fixtures.py:998: in call_fixture_func
    fixture_result = next(generator)
                     ^^^^^^^^^^^^^^^
.venv\Lib\site-packages\_pytest\tmpdir.py:300: in tmp_path
    path = _mk_tmp(request, tmp_path_factory)
           ^^^^^^^^^^^^^^^^^^^^^^^^^^^^^^^^^^
.venv\Lib\site-packages\_pytest\tmpdir.py:287: in _mk_tmp
    return factory.mktemp(name, numbered=True)
           ^^^^^^^^^^^^^^^^^^^^^^^^^^^^^^^^^^^
.venv\Lib\site-packages\_pytest\tmpdir.py:136: in mktemp
    basename = self._ensure_relative_to_basetemp(basename)
               ^^^^^^^^^^^^^^^^^^^^^^^^^^^^^^^^^^^^^^^^^^^
.venv\Lib\site-packages\_pytest\tmpdir.py:117: in _ensure_relative_to_basetemp
    if (self.getbasetemp() / basename).resolve().parent != self.getbasetemp():
        ^^^^^^^^^^^^^^^^^^
.venv\Lib\site-packages\_pytest\tmpdir.py:213: in getbasetemp
    basetemp = make_numbered_dir_with_cleanup(
.venv\Lib\site-packages\_pytest\pathlib.py:420: in make_numbered_dir_with_cleanup
    raise e
.venv\Lib\site-packages\_pytest\pathlib.py:401: in make_numbered_dir_with_cleanup
    p = make_numbered_dir(root, prefix, mode)
        ^^^^^^^^^^^^^^^^^^^^^^^^^^^^^^^^^^^^^
.venv\Lib\site-packages\_pytest\pathlib.py:228: in make_numbered_dir
    max_existing = max(map(parse_num, find_suffixes(root, prefix)), default=-1)
                   ^^^^^^^^^^^^^^^^^^^^^^^^^^^^^^^^^^^^^^^^^^^^^^^^^^^^^^^^^^^^
.venv\Lib\site-packages\_pytest\pathlib.py:187: in extract_suffixes
    for entry in iter:
                 ^^^^
.venv\Lib\site-packages\_pytest\pathlib.py:175: in find_prefixed
    for x in os.scandir(root):
             ^^^^^^^^^^^^^^^^
E   PermissionError: [WinError 5] Access is denied: 'C:\\Users\\sunara4530sw\\AppData\\Local\\Temp\\pytest-of-sunara4530sw'
______________ ERROR at setup of test_real_env_wins_over_dotenv _______________
.venv\Lib\site-packages\_pytest\runner.py:361: in from_call
    result: TResult | None = func()
                             ^^^^^^
.venv\Lib\site-packages\_pytest\runner.py:250: in <lambda>
    lambda: runtest_hook(item=item, **kwds),
            ^^^^^^^^^^^^^^^^^^^^^^^^^^^^^^^
.venv\Lib\site-packages\pluggy\_hooks.py:512: in __call__
    return self._hookexec(self.name, self._hookimpls.copy(), kwargs, firstresult)
           ^^^^^^^^^^^^^^^^^^^^^^^^^^^^^^^^^^^^^^^^^^^^^^^^^^^^^^^^^^^^^^^^^^^^^^
.venv\Lib\site-packages\pluggy\_manager.py:120: in _hookexec
    return self._inner_hookexec(hook_name, methods, kwargs, firstresult)
           ^^^^^^^^^^^^^^^^^^^^^^^^^^^^^^^^^^^^^^^^^^^^^^^^^^^^^^^^^^^^^
.venv\Lib\site-packages\_pytest\logging.py:858: in pytest_runtest_setup
    yield
.venv\Lib\site-packages\_pytest\capture.py:895: in pytest_runtest_setup
    return (yield)
            ^^^^^
.venv\Lib\site-packages\_pytest\runner.py:170: in pytest_runtest_setup
    item.session._setupstate.setup(item)
.venv\Lib\site-packages\_pytest\runner.py:536: in setup
    col.setup()
.venv\Lib\site-packages\_pytest\python.py:1710: in setup
    self._request._fillfixtures()
.venv\Lib\site-packages\_pytest\fixtures.py:806: in _fillfixtures
    item.funcargs[argname] = self.getfixturevalue(argname)
                             ^^^^^^^^^^^^^^^^^^^^^^^^^^^^^
.venv\Lib\site-packages\_pytest\fixtures.py:630: in getfixturevalue
    fixturedef = self._get_active_fixturedef(argname)
                 ^^^^^^^^^^^^^^^^^^^^^^^^^^^^^^^^^^^^
.venv\Lib\site-packages\_pytest\fixtures.py:726: in _get_active_fixturedef
    fixturedef.execute(request=subrequest)
.venv\Lib\site-packages\_pytest\fixtures.py:1232: in execute
    result: FixtureValue = ihook.pytest_fixture_setup(
.venv\Lib\site-packages\pluggy\_hooks.py:512: in __call__
    return self._hookexec(self.name, self._hookimpls.copy(), kwargs, firstresult)
           ^^^^^^^^^^^^^^^^^^^^^^^^^^^^^^^^^^^^^^^^^^^^^^^^^^^^^^^^^^^^^^^^^^^^^^
.venv\Lib\site-packages\pluggy\_manager.py:120: in _hookexec
    return self._inner_hookexec(hook_name, methods, kwargs, firstresult)
           ^^^^^^^^^^^^^^^^^^^^^^^^^^^^^^^^^^^^^^^^^^^^^^^^^^^^^^^^^^^^^
.venv\Lib\site-packages\pluggy\_callers.py:53: in run_old_style_hookwrapper
    return result.get_result()
           ^^^^^^^^^^^^^^^^^^^
.venv\Lib\site-packages\pluggy\_callers.py:38: in run_old_style_hookwrapper
    res = yield
          ^^^^^
.venv\Lib\site-packages\_pytest\setuponly.py:36: in pytest_fixture_setup
    return (yield)
            ^^^^^
.venv\Lib\site-packages\_pytest\fixtures.py:1328: in pytest_fixture_setup
    result = call_fixture_func(fixturefunc, request, kwargs)
             ^^^^^^^^^^^^^^^^^^^^^^^^^^^^^^^^^^^^^^^^^^^^^^^
.venv\Lib\site-packages\_pytest\fixtures.py:998: in call_fixture_func
    fixture_result = next(generator)
                     ^^^^^^^^^^^^^^^
.venv\Lib\site-packages\_pytest\tmpdir.py:300: in tmp_path
    path = _mk_tmp(request, tmp_path_factory)
           ^^^^^^^^^^^^^^^^^^^^^^^^^^^^^^^^^^
.venv\Lib\site-packages\_pytest\tmpdir.py:287: in _mk_tmp
    return factory.mktemp(name, numbered=True)
           ^^^^^^^^^^^^^^^^^^^^^^^^^^^^^^^^^^^
.venv\Lib\site-packages\_pytest\tmpdir.py:136: in mktemp
    basename = self._ensure_relative_to_basetemp(basename)
               ^^^^^^^^^^^^^^^^^^^^^^^^^^^^^^^^^^^^^^^^^^^
.venv\Lib\site-packages\_pytest\tmpdir.py:117: in _ensure_relative_to_basetemp
    if (self.getbasetemp() / basename).resolve().parent != self.getbasetemp():
        ^^^^^^^^^^^^^^^^^^
.venv\Lib\site-packages\_pytest\tmpdir.py:213: in getbasetemp
    basetemp = make_numbered_dir_with_cleanup(
.venv\Lib\site-packages\_pytest\pathlib.py:420: in make_numbered_dir_with_cleanup
    raise e
.venv\Lib\site-packages\_pytest\pathlib.py:401: in make_numbered_dir_with_cleanup
    p = make_numbered_dir(root, prefix, mode)
        ^^^^^^^^^^^^^^^^^^^^^^^^^^^^^^^^^^^^^
.venv\Lib\site-packages\_pytest\pathlib.py:228: in make_numbered_dir
    max_existing = max(map(parse_num, find_suffixes(root, prefix)), default=-1)
                   ^^^^^^^^^^^^^^^^^^^^^^^^^^^^^^^^^^^^^^^^^^^^^^^^^^^^^^^^^^^^
.venv\Lib\site-packages\_pytest\pathlib.py:187: in extract_suffixes
    for entry in iter:
                 ^^^^
.venv\Lib\site-packages\_pytest\pathlib.py:175: in find_prefixed
    for x in os.scandir(root):
             ^^^^^^^^^^^^^^^^
E   PermissionError: [WinError 5] Access is denied: 'C:\\Users\\sunara4530sw\\AppData\\Local\\Temp\\pytest-of-sunara4530sw'
_____________ ERROR at setup of test_dotenv_used_when_env_absent ______________
.venv\Lib\site-packages\_pytest\runner.py:361: in from_call
    result: TResult | None = func()
                             ^^^^^^
.venv\Lib\site-packages\_pytest\runner.py:250: in <lambda>
    lambda: runtest_hook(item=item, **kwds),
            ^^^^^^^^^^^^^^^^^^^^^^^^^^^^^^^
.venv\Lib\site-packages\pluggy\_hooks.py:512: in __call__
    return self._hookexec(self.name, self._hookimpls.copy(), kwargs, firstresult)
           ^^^^^^^^^^^^^^^^^^^^^^^^^^^^^^^^^^^^^^^^^^^^^^^^^^^^^^^^^^^^^^^^^^^^^^
.venv\Lib\site-packages\pluggy\_manager.py:120: in _hookexec
    return self._inner_hookexec(hook_name, methods, kwargs, firstresult)
           ^^^^^^^^^^^^^^^^^^^^^^^^^^^^^^^^^^^^^^^^^^^^^^^^^^^^^^^^^^^^^
.venv\Lib\site-packages\_pytest\logging.py:858: in pytest_runtest_setup
    yield
.venv\Lib\site-packages\_pytest\capture.py:895: in pytest_runtest_setup
    return (yield)
            ^^^^^
.venv\Lib\site-packages\_pytest\runner.py:170: in pytest_runtest_setup
    item.session._setupstate.setup(item)
.venv\Lib\site-packages\_pytest\runner.py:536: in setup
    col.setup()
.venv\Lib\site-packages\_pytest\python.py:1710: in setup
    self._request._fillfixtures()
.venv\Lib\site-packages\_pytest\fixtures.py:806: in _fillfixtures
    item.funcargs[argname] = self.getfixturevalue(argname)
                             ^^^^^^^^^^^^^^^^^^^^^^^^^^^^^
.venv\Lib\site-packages\_pytest\fixtures.py:630: in getfixturevalue
    fixturedef = self._get_active_fixturedef(argname)
                 ^^^^^^^^^^^^^^^^^^^^^^^^^^^^^^^^^^^^
.venv\Lib\site-packages\_pytest\fixtures.py:726: in _get_active_fixturedef
    fixturedef.execute(request=subrequest)
.venv\Lib\site-packages\_pytest\fixtures.py:1232: in execute
    result: FixtureValue = ihook.pytest_fixture_setup(
.venv\Lib\site-packages\pluggy\_hooks.py:512: in __call__
    return self._hookexec(self.name, self._hookimpls.copy(), kwargs, firstresult)
           ^^^^^^^^^^^^^^^^^^^^^^^^^^^^^^^^^^^^^^^^^^^^^^^^^^^^^^^^^^^^^^^^^^^^^^
.venv\Lib\site-packages\pluggy\_manager.py:120: in _hookexec
    return self._inner_hookexec(hook_name, methods, kwargs, firstresult)
           ^^^^^^^^^^^^^^^^^^^^^^^^^^^^^^^^^^^^^^^^^^^^^^^^^^^^^^^^^^^^^
.venv\Lib\site-packages\pluggy\_callers.py:53: in run_old_style_hookwrapper
    return result.get_result()
           ^^^^^^^^^^^^^^^^^^^
.venv\Lib\site-packages\pluggy\_callers.py:38: in run_old_style_hookwrapper
    res = yield
          ^^^^^
.venv\Lib\site-packages\_pytest\setuponly.py:36: in pytest_fixture_setup
    return (yield)
            ^^^^^
.venv\Lib\site-packages\_pytest\fixtures.py:1328: in pytest_fixture_setup
    result = call_fixture_func(fixturefunc, request, kwargs)
             ^^^^^^^^^^^^^^^^^^^^^^^^^^^^^^^^^^^^^^^^^^^^^^^
.venv\Lib\site-packages\_pytest\fixtures.py:998: in call_fixture_func
    fixture_result = next(generator)
                     ^^^^^^^^^^^^^^^
.venv\Lib\site-packages\_pytest\tmpdir.py:300: in tmp_path
    path = _mk_tmp(request, tmp_path_factory)
           ^^^^^^^^^^^^^^^^^^^^^^^^^^^^^^^^^^
.venv\Lib\site-packages\_pytest\tmpdir.py:287: in _mk_tmp
    return factory.mktemp(name, numbered=True)
           ^^^^^^^^^^^^^^^^^^^^^^^^^^^^^^^^^^^
.venv\Lib\site-packages\_pytest\tmpdir.py:136: in mktemp
    basename = self._ensure_relative_to_basetemp(basename)
               ^^^^^^^^^^^^^^^^^^^^^^^^^^^^^^^^^^^^^^^^^^^
.venv\Lib\site-packages\_pytest\tmpdir.py:117: in _ensure_relative_to_basetemp
    if (self.getbasetemp() / basename).resolve().parent != self.getbasetemp():
        ^^^^^^^^^^^^^^^^^^
.venv\Lib\site-packages\_pytest\tmpdir.py:213: in getbasetemp
    basetemp = make_numbered_dir_with_cleanup(
.venv\Lib\site-packages\_pytest\pathlib.py:420: in make_numbered_dir_with_cleanup
    raise e
.venv\Lib\site-packages\_pytest\pathlib.py:401: in make_numbered_dir_with_cleanup
    p = make_numbered_dir(root, prefix, mode)
        ^^^^^^^^^^^^^^^^^^^^^^^^^^^^^^^^^^^^^
.venv\Lib\site-packages\_pytest\pathlib.py:228: in make_numbered_dir
    max_existing = max(map(parse_num, find_suffixes(root, prefix)), default=-1)
                   ^^^^^^^^^^^^^^^^^^^^^^^^^^^^^^^^^^^^^^^^^^^^^^^^^^^^^^^^^^^^
.venv\Lib\site-packages\_pytest\pathlib.py:187: in extract_suffixes
    for entry in iter:
                 ^^^^
.venv\Lib\site-packages\_pytest\pathlib.py:175: in find_prefixed
    for x in os.scandir(root):
             ^^^^^^^^^^^^^^^^
E   PermissionError: [WinError 5] Access is denied: 'C:\\Users\\sunara4530sw\\AppData\\Local\\Temp\\pytest-of-sunara4530sw'
____ ERROR at setup of test_cli_digest_writes_file_and_persists_digest_row ____
.venv\Lib\site-packages\_pytest\runner.py:361: in from_call
    result: TResult | None = func()
                             ^^^^^^
.venv\Lib\site-packages\_pytest\runner.py:250: in <lambda>
    lambda: runtest_hook(item=item, **kwds),
            ^^^^^^^^^^^^^^^^^^^^^^^^^^^^^^^
.venv\Lib\site-packages\pluggy\_hooks.py:512: in __call__
    return self._hookexec(self.name, self._hookimpls.copy(), kwargs, firstresult)
           ^^^^^^^^^^^^^^^^^^^^^^^^^^^^^^^^^^^^^^^^^^^^^^^^^^^^^^^^^^^^^^^^^^^^^^
.venv\Lib\site-packages\pluggy\_manager.py:120: in _hookexec
    return self._inner_hookexec(hook_name, methods, kwargs, firstresult)
           ^^^^^^^^^^^^^^^^^^^^^^^^^^^^^^^^^^^^^^^^^^^^^^^^^^^^^^^^^^^^^
.venv\Lib\site-packages\_pytest\logging.py:858: in pytest_runtest_setup
    yield
.venv\Lib\site-packages\_pytest\capture.py:895: in pytest_runtest_setup
    return (yield)
            ^^^^^
.venv\Lib\site-packages\_pytest\runner.py:170: in pytest_runtest_setup
    item.session._setupstate.setup(item)
.venv\Lib\site-packages\_pytest\runner.py:536: in setup
    col.setup()
.venv\Lib\site-packages\_pytest\python.py:1710: in setup
    self._request._fillfixtures()
.venv\Lib\site-packages\_pytest\fixtures.py:806: in _fillfixtures
    item.funcargs[argname] = self.getfixturevalue(argname)
                             ^^^^^^^^^^^^^^^^^^^^^^^^^^^^^
.venv\Lib\site-packages\_pytest\fixtures.py:630: in getfixturevalue
    fixturedef = self._get_active_fixturedef(argname)
                 ^^^^^^^^^^^^^^^^^^^^^^^^^^^^^^^^^^^^
.venv\Lib\site-packages\_pytest\fixtures.py:726: in _get_active_fixturedef
    fixturedef.execute(request=subrequest)
.venv\Lib\site-packages\_pytest\fixtures.py:1232: in execute
    result: FixtureValue = ihook.pytest_fixture_setup(
.venv\Lib\site-packages\pluggy\_hooks.py:512: in __call__
    return self._hookexec(self.name, self._hookimpls.copy(), kwargs, firstresult)
           ^^^^^^^^^^^^^^^^^^^^^^^^^^^^^^^^^^^^^^^^^^^^^^^^^^^^^^^^^^^^^^^^^^^^^^
.venv\Lib\site-packages\pluggy\_manager.py:120: in _hookexec
    return self._inner_hookexec(hook_name, methods, kwargs, firstresult)
           ^^^^^^^^^^^^^^^^^^^^^^^^^^^^^^^^^^^^^^^^^^^^^^^^^^^^^^^^^^^^^
.venv\Lib\site-packages\pluggy\_callers.py:53: in run_old_style_hookwrapper
    return result.get_result()
           ^^^^^^^^^^^^^^^^^^^
.venv\Lib\site-packages\pluggy\_callers.py:38: in run_old_style_hookwrapper
    res = yield
          ^^^^^
.venv\Lib\site-packages\_pytest\setuponly.py:36: in pytest_fixture_setup
    return (yield)
            ^^^^^
.venv\Lib\site-packages\_pytest\fixtures.py:1328: in pytest_fixture_setup
    result = call_fixture_func(fixturefunc, request, kwargs)
             ^^^^^^^^^^^^^^^^^^^^^^^^^^^^^^^^^^^^^^^^^^^^^^^
.venv\Lib\site-packages\_pytest\fixtures.py:998: in call_fixture_func
    fixture_result = next(generator)
                     ^^^^^^^^^^^^^^^
.venv\Lib\site-packages\_pytest\tmpdir.py:300: in tmp_path
    path = _mk_tmp(request, tmp_path_factory)
           ^^^^^^^^^^^^^^^^^^^^^^^^^^^^^^^^^^
.venv\Lib\site-packages\_pytest\tmpdir.py:287: in _mk_tmp
    return factory.mktemp(name, numbered=True)
           ^^^^^^^^^^^^^^^^^^^^^^^^^^^^^^^^^^^
.venv\Lib\site-packages\_pytest\tmpdir.py:136: in mktemp
    basename = self._ensure_relative_to_basetemp(basename)
               ^^^^^^^^^^^^^^^^^^^^^^^^^^^^^^^^^^^^^^^^^^^
.venv\Lib\site-packages\_pytest\tmpdir.py:117: in _ensure_relative_to_basetemp
    if (self.getbasetemp() / basename).resolve().parent != self.getbasetemp():
        ^^^^^^^^^^^^^^^^^^
.venv\Lib\site-packages\_pytest\tmpdir.py:213: in getbasetemp
    basetemp = make_numbered_dir_with_cleanup(
.venv\Lib\site-packages\_pytest\pathlib.py:420: in make_numbered_dir_with_cleanup
    raise e
.venv\Lib\site-packages\_pytest\pathlib.py:401: in make_numbered_dir_with_cleanup
    p = make_numbered_dir(root, prefix, mode)
        ^^^^^^^^^^^^^^^^^^^^^^^^^^^^^^^^^^^^^
.venv\Lib\site-packages\_pytest\pathlib.py:228: in make_numbered_dir
    max_existing = max(map(parse_num, find_suffixes(root, prefix)), default=-1)
                   ^^^^^^^^^^^^^^^^^^^^^^^^^^^^^^^^^^^^^^^^^^^^^^^^^^^^^^^^^^^^
.venv\Lib\site-packages\_pytest\pathlib.py:187: in extract_suffixes
    for entry in iter:
                 ^^^^
.venv\Lib\site-packages\_pytest\pathlib.py:175: in find_prefixed
    for x in os.scandir(root):
             ^^^^^^^^^^^^^^^^
E   PermissionError: [WinError 5] Access is denied: 'C:\\Users\\sunara4530sw\\AppData\\Local\\Temp\\pytest-of-sunara4530sw'
_______________ ERROR at setup of test_cache_serves_second_call _______________
.venv\Lib\site-packages\_pytest\runner.py:361: in from_call
    result: TResult | None = func()
                             ^^^^^^
.venv\Lib\site-packages\_pytest\runner.py:250: in <lambda>
    lambda: runtest_hook(item=item, **kwds),
            ^^^^^^^^^^^^^^^^^^^^^^^^^^^^^^^
.venv\Lib\site-packages\pluggy\_hooks.py:512: in __call__
    return self._hookexec(self.name, self._hookimpls.copy(), kwargs, firstresult)
           ^^^^^^^^^^^^^^^^^^^^^^^^^^^^^^^^^^^^^^^^^^^^^^^^^^^^^^^^^^^^^^^^^^^^^^
.venv\Lib\site-packages\pluggy\_manager.py:120: in _hookexec
    return self._inner_hookexec(hook_name, methods, kwargs, firstresult)
           ^^^^^^^^^^^^^^^^^^^^^^^^^^^^^^^^^^^^^^^^^^^^^^^^^^^^^^^^^^^^^
.venv\Lib\site-packages\_pytest\logging.py:858: in pytest_runtest_setup
    yield
.venv\Lib\site-packages\_pytest\capture.py:895: in pytest_runtest_setup
    return (yield)
            ^^^^^
.venv\Lib\site-packages\_pytest\runner.py:170: in pytest_runtest_setup
    item.session._setupstate.setup(item)
.venv\Lib\site-packages\_pytest\runner.py:536: in setup
    col.setup()
.venv\Lib\site-packages\_pytest\python.py:1710: in setup
    self._request._fillfixtures()
.venv\Lib\site-packages\_pytest\fixtures.py:806: in _fillfixtures
    item.funcargs[argname] = self.getfixturevalue(argname)
                             ^^^^^^^^^^^^^^^^^^^^^^^^^^^^^
.venv\Lib\site-packages\_pytest\fixtures.py:630: in getfixturevalue
    fixturedef = self._get_active_fixturedef(argname)
                 ^^^^^^^^^^^^^^^^^^^^^^^^^^^^^^^^^^^^
.venv\Lib\site-packages\_pytest\fixtures.py:726: in _get_active_fixturedef
    fixturedef.execute(request=subrequest)
.venv\Lib\site-packages\_pytest\fixtures.py:1232: in execute
    result: FixtureValue = ihook.pytest_fixture_setup(
.venv\Lib\site-packages\pluggy\_hooks.py:512: in __call__
    return self._hookexec(self.name, self._hookimpls.copy(), kwargs, firstresult)
           ^^^^^^^^^^^^^^^^^^^^^^^^^^^^^^^^^^^^^^^^^^^^^^^^^^^^^^^^^^^^^^^^^^^^^^
.venv\Lib\site-packages\pluggy\_manager.py:120: in _hookexec
    return self._inner_hookexec(hook_name, methods, kwargs, firstresult)
           ^^^^^^^^^^^^^^^^^^^^^^^^^^^^^^^^^^^^^^^^^^^^^^^^^^^^^^^^^^^^^
.venv\Lib\site-packages\pluggy\_callers.py:53: in run_old_style_hookwrapper
    return result.get_result()
           ^^^^^^^^^^^^^^^^^^^
.venv\Lib\site-packages\pluggy\_callers.py:38: in run_old_style_hookwrapper
    res = yield
          ^^^^^
.venv\Lib\site-packages\_pytest\setuponly.py:36: in pytest_fixture_setup
    return (yield)
            ^^^^^
.venv\Lib\site-packages\_pytest\fixtures.py:1328: in pytest_fixture_setup
    result = call_fixture_func(fixturefunc, request, kwargs)
             ^^^^^^^^^^^^^^^^^^^^^^^^^^^^^^^^^^^^^^^^^^^^^^^
.venv\Lib\site-packages\_pytest\fixtures.py:998: in call_fixture_func
    fixture_result = next(generator)
                     ^^^^^^^^^^^^^^^
.venv\Lib\site-packages\_pytest\tmpdir.py:300: in tmp_path
    path = _mk_tmp(request, tmp_path_factory)
           ^^^^^^^^^^^^^^^^^^^^^^^^^^^^^^^^^^
.venv\Lib\site-packages\_pytest\tmpdir.py:287: in _mk_tmp
    return factory.mktemp(name, numbered=True)
           ^^^^^^^^^^^^^^^^^^^^^^^^^^^^^^^^^^^
.venv\Lib\site-packages\_pytest\tmpdir.py:136: in mktemp
    basename = self._ensure_relative_to_basetemp(basename)
               ^^^^^^^^^^^^^^^^^^^^^^^^^^^^^^^^^^^^^^^^^^^
.venv\Lib\site-packages\_pytest\tmpdir.py:117: in _ensure_relative_to_basetemp
    if (self.getbasetemp() / basename).resolve().parent != self.getbasetemp():
        ^^^^^^^^^^^^^^^^^^
.venv\Lib\site-packages\_pytest\tmpdir.py:213: in getbasetemp
    basetemp = make_numbered_dir_with_cleanup(
.venv\Lib\site-packages\_pytest\pathlib.py:420: in make_numbered_dir_with_cleanup
    raise e
.venv\Lib\site-packages\_pytest\pathlib.py:401: in make_numbered_dir_with_cleanup
    p = make_numbered_dir(root, prefix, mode)
        ^^^^^^^^^^^^^^^^^^^^^^^^^^^^^^^^^^^^^
.venv\Lib\site-packages\_pytest\pathlib.py:228: in make_numbered_dir
    max_existing = max(map(parse_num, find_suffixes(root, prefix)), default=-1)
                   ^^^^^^^^^^^^^^^^^^^^^^^^^^^^^^^^^^^^^^^^^^^^^^^^^^^^^^^^^^^^
.venv\Lib\site-packages\_pytest\pathlib.py:187: in extract_suffixes
    for entry in iter:
                 ^^^^
.venv\Lib\site-packages\_pytest\pathlib.py:175: in find_prefixed
    for x in os.scandir(root):
             ^^^^^^^^^^^^^^^^
E   PermissionError: [WinError 5] Access is denied: 'C:\\Users\\sunara4530sw\\AppData\\Local\\Temp\\pytest-of-sunara4530sw'
__________________ ERROR at setup of test_cli_shadow_report ___________________
.venv\Lib\site-packages\_pytest\runner.py:361: in from_call
    result: TResult | None = func()
                             ^^^^^^
.venv\Lib\site-packages\_pytest\runner.py:250: in <lambda>
    lambda: runtest_hook(item=item, **kwds),
            ^^^^^^^^^^^^^^^^^^^^^^^^^^^^^^^
.venv\Lib\site-packages\pluggy\_hooks.py:512: in __call__
    return self._hookexec(self.name, self._hookimpls.copy(), kwargs, firstresult)
           ^^^^^^^^^^^^^^^^^^^^^^^^^^^^^^^^^^^^^^^^^^^^^^^^^^^^^^^^^^^^^^^^^^^^^^
.venv\Lib\site-packages\pluggy\_manager.py:120: in _hookexec
    return self._inner_hookexec(hook_name, methods, kwargs, firstresult)
           ^^^^^^^^^^^^^^^^^^^^^^^^^^^^^^^^^^^^^^^^^^^^^^^^^^^^^^^^^^^^^
.venv\Lib\site-packages\_pytest\logging.py:858: in pytest_runtest_setup
    yield
.venv\Lib\site-packages\_pytest\capture.py:895: in pytest_runtest_setup
    return (yield)
            ^^^^^
.venv\Lib\site-packages\_pytest\runner.py:170: in pytest_runtest_setup
    item.session._setupstate.setup(item)
.venv\Lib\site-packages\_pytest\runner.py:536: in setup
    col.setup()
.venv\Lib\site-packages\_pytest\python.py:1710: in setup
    self._request._fillfixtures()
.venv\Lib\site-packages\_pytest\fixtures.py:806: in _fillfixtures
    item.funcargs[argname] = self.getfixturevalue(argname)
                             ^^^^^^^^^^^^^^^^^^^^^^^^^^^^^
.venv\Lib\site-packages\_pytest\fixtures.py:630: in getfixturevalue
    fixturedef = self._get_active_fixturedef(argname)
                 ^^^^^^^^^^^^^^^^^^^^^^^^^^^^^^^^^^^^
.venv\Lib\site-packages\_pytest\fixtures.py:726: in _get_active_fixturedef
    fixturedef.execute(request=subrequest)
.venv\Lib\site-packages\_pytest\fixtures.py:1232: in execute
    result: FixtureValue = ihook.pytest_fixture_setup(
.venv\Lib\site-packages\pluggy\_hooks.py:512: in __call__
    return self._hookexec(self.name, self._hookimpls.copy(), kwargs, firstresult)
           ^^^^^^^^^^^^^^^^^^^^^^^^^^^^^^^^^^^^^^^^^^^^^^^^^^^^^^^^^^^^^^^^^^^^^^
.venv\Lib\site-packages\pluggy\_manager.py:120: in _hookexec
    return self._inner_hookexec(hook_name, methods, kwargs, firstresult)
           ^^^^^^^^^^^^^^^^^^^^^^^^^^^^^^^^^^^^^^^^^^^^^^^^^^^^^^^^^^^^^
.venv\Lib\site-packages\pluggy\_callers.py:53: in run_old_style_hookwrapper
    return result.get_result()
           ^^^^^^^^^^^^^^^^^^^
.venv\Lib\site-packages\pluggy\_callers.py:38: in run_old_style_hookwrapper
    res = yield
          ^^^^^
.venv\Lib\site-packages\_pytest\setuponly.py:36: in pytest_fixture_setup
    return (yield)
            ^^^^^
.venv\Lib\site-packages\_pytest\fixtures.py:1328: in pytest_fixture_setup
    result = call_fixture_func(fixturefunc, request, kwargs)
             ^^^^^^^^^^^^^^^^^^^^^^^^^^^^^^^^^^^^^^^^^^^^^^^
.venv\Lib\site-packages\_pytest\fixtures.py:998: in call_fixture_func
    fixture_result = next(generator)
                     ^^^^^^^^^^^^^^^
.venv\Lib\site-packages\_pytest\tmpdir.py:300: in tmp_path
    path = _mk_tmp(request, tmp_path_factory)
           ^^^^^^^^^^^^^^^^^^^^^^^^^^^^^^^^^^
.venv\Lib\site-packages\_pytest\tmpdir.py:287: in _mk_tmp
    return factory.mktemp(name, numbered=True)
           ^^^^^^^^^^^^^^^^^^^^^^^^^^^^^^^^^^^
.venv\Lib\site-packages\_pytest\tmpdir.py:136: in mktemp
    basename = self._ensure_relative_to_basetemp(basename)
               ^^^^^^^^^^^^^^^^^^^^^^^^^^^^^^^^^^^^^^^^^^^
.venv\Lib\site-packages\_pytest\tmpdir.py:117: in _ensure_relative_to_basetemp
    if (self.getbasetemp() / basename).resolve().parent != self.getbasetemp():
        ^^^^^^^^^^^^^^^^^^
.venv\Lib\site-packages\_pytest\tmpdir.py:213: in getbasetemp
    basetemp = make_numbered_dir_with_cleanup(
.venv\Lib\site-packages\_pytest\pathlib.py:420: in make_numbered_dir_with_cleanup
    raise e
.venv\Lib\site-packages\_pytest\pathlib.py:401: in make_numbered_dir_with_cleanup
    p = make_numbered_dir(root, prefix, mode)
        ^^^^^^^^^^^^^^^^^^^^^^^^^^^^^^^^^^^^^
.venv\Lib\site-packages\_pytest\pathlib.py:228: in make_numbered_dir
    max_existing = max(map(parse_num, find_suffixes(root, prefix)), default=-1)
                   ^^^^^^^^^^^^^^^^^^^^^^^^^^^^^^^^^^^^^^^^^^^^^^^^^^^^^^^^^^^^
.venv\Lib\site-packages\_pytest\pathlib.py:187: in extract_suffixes
    for entry in iter:
                 ^^^^
.venv\Lib\site-packages\_pytest\pathlib.py:175: in find_prefixed
    for x in os.scandir(root):
             ^^^^^^^^^^^^^^^^
E   PermissionError: [WinError 5] Access is denied: 'C:\\Users\\sunara4530sw\\AppData\\Local\\Temp\\pytest-of-sunara4530sw'
_____________ ERROR at setup of test_cli_process_requires_models ______________
.venv\Lib\site-packages\_pytest\runner.py:361: in from_call
    result: TResult | None = func()
                             ^^^^^^
.venv\Lib\site-packages\_pytest\runner.py:250: in <lambda>
    lambda: runtest_hook(item=item, **kwds),
            ^^^^^^^^^^^^^^^^^^^^^^^^^^^^^^^
.venv\Lib\site-packages\pluggy\_hooks.py:512: in __call__
    return self._hookexec(self.name, self._hookimpls.copy(), kwargs, firstresult)
           ^^^^^^^^^^^^^^^^^^^^^^^^^^^^^^^^^^^^^^^^^^^^^^^^^^^^^^^^^^^^^^^^^^^^^^
.venv\Lib\site-packages\pluggy\_manager.py:120: in _hookexec
    return self._inner_hookexec(hook_name, methods, kwargs, firstresult)
           ^^^^^^^^^^^^^^^^^^^^^^^^^^^^^^^^^^^^^^^^^^^^^^^^^^^^^^^^^^^^^
.venv\Lib\site-packages\_pytest\logging.py:858: in pytest_runtest_setup
    yield
.venv\Lib\site-packages\_pytest\capture.py:895: in pytest_runtest_setup
    return (yield)
            ^^^^^
.venv\Lib\site-packages\_pytest\runner.py:170: in pytest_runtest_setup
    item.session._setupstate.setup(item)
.venv\Lib\site-packages\_pytest\runner.py:536: in setup
    col.setup()
.venv\Lib\site-packages\_pytest\python.py:1710: in setup
    self._request._fillfixtures()
.venv\Lib\site-packages\_pytest\fixtures.py:806: in _fillfixtures
    item.funcargs[argname] = self.getfixturevalue(argname)
                             ^^^^^^^^^^^^^^^^^^^^^^^^^^^^^
.venv\Lib\site-packages\_pytest\fixtures.py:630: in getfixturevalue
    fixturedef = self._get_active_fixturedef(argname)
                 ^^^^^^^^^^^^^^^^^^^^^^^^^^^^^^^^^^^^
.venv\Lib\site-packages\_pytest\fixtures.py:726: in _get_active_fixturedef
    fixturedef.execute(request=subrequest)
.venv\Lib\site-packages\_pytest\fixtures.py:1232: in execute
    result: FixtureValue = ihook.pytest_fixture_setup(
.venv\Lib\site-packages\pluggy\_hooks.py:512: in __call__
    return self._hookexec(self.name, self._hookimpls.copy(), kwargs, firstresult)
           ^^^^^^^^^^^^^^^^^^^^^^^^^^^^^^^^^^^^^^^^^^^^^^^^^^^^^^^^^^^^^^^^^^^^^^
.venv\Lib\site-packages\pluggy\_manager.py:120: in _hookexec
    return self._inner_hookexec(hook_name, methods, kwargs, firstresult)
           ^^^^^^^^^^^^^^^^^^^^^^^^^^^^^^^^^^^^^^^^^^^^^^^^^^^^^^^^^^^^^
.venv\Lib\site-packages\pluggy\_callers.py:53: in run_old_style_hookwrapper
    return result.get_result()
           ^^^^^^^^^^^^^^^^^^^
.venv\Lib\site-packages\pluggy\_callers.py:38: in run_old_style_hookwrapper
    res = yield
          ^^^^^
.venv\Lib\site-packages\_pytest\setuponly.py:36: in pytest_fixture_setup
    return (yield)
            ^^^^^
.venv\Lib\site-packages\_pytest\fixtures.py:1328: in pytest_fixture_setup
    result = call_fixture_func(fixturefunc, request, kwargs)
             ^^^^^^^^^^^^^^^^^^^^^^^^^^^^^^^^^^^^^^^^^^^^^^^
.venv\Lib\site-packages\_pytest\fixtures.py:998: in call_fixture_func
    fixture_result = next(generator)
                     ^^^^^^^^^^^^^^^
.venv\Lib\site-packages\_pytest\tmpdir.py:300: in tmp_path
    path = _mk_tmp(request, tmp_path_factory)
           ^^^^^^^^^^^^^^^^^^^^^^^^^^^^^^^^^^
.venv\Lib\site-packages\_pytest\tmpdir.py:287: in _mk_tmp
    return factory.mktemp(name, numbered=True)
           ^^^^^^^^^^^^^^^^^^^^^^^^^^^^^^^^^^^
.venv\Lib\site-packages\_pytest\tmpdir.py:136: in mktemp
    basename = self._ensure_relative_to_basetemp(basename)
               ^^^^^^^^^^^^^^^^^^^^^^^^^^^^^^^^^^^^^^^^^^^
.venv\Lib\site-packages\_pytest\tmpdir.py:117: in _ensure_relative_to_basetemp
    if (self.getbasetemp() / basename).resolve().parent != self.getbasetemp():
        ^^^^^^^^^^^^^^^^^^
.venv\Lib\site-packages\_pytest\tmpdir.py:213: in getbasetemp
    basetemp = make_numbered_dir_with_cleanup(
.venv\Lib\site-packages\_pytest\pathlib.py:420: in make_numbered_dir_with_cleanup
    raise e
.venv\Lib\site-packages\_pytest\pathlib.py:401: in make_numbered_dir_with_cleanup
    p = make_numbered_dir(root, prefix, mode)
        ^^^^^^^^^^^^^^^^^^^^^^^^^^^^^^^^^^^^^
.venv\Lib\site-packages\_pytest\pathlib.py:228: in make_numbered_dir
    max_existing = max(map(parse_num, find_suffixes(root, prefix)), default=-1)
                   ^^^^^^^^^^^^^^^^^^^^^^^^^^^^^^^^^^^^^^^^^^^^^^^^^^^^^^^^^^^^
.venv\Lib\site-packages\_pytest\pathlib.py:187: in extract_suffixes
    for entry in iter:
                 ^^^^
.venv\Lib\site-packages\_pytest\pathlib.py:175: in find_prefixed
    for x in os.scandir(root):
             ^^^^^^^^^^^^^^^^
E   PermissionError: [WinError 5] Access is denied: 'C:\\Users\\sunara4530sw\\AppData\\Local\\Temp\\pytest-of-sunara4530sw'
_____________ ERROR at setup of test_cli_verify_missing_analysis ______________
.venv\Lib\site-packages\_pytest\runner.py:361: in from_call
    result: TResult | None = func()
                             ^^^^^^
.venv\Lib\site-packages\_pytest\runner.py:250: in <lambda>
    lambda: runtest_hook(item=item, **kwds),
            ^^^^^^^^^^^^^^^^^^^^^^^^^^^^^^^
.venv\Lib\site-packages\pluggy\_hooks.py:512: in __call__
    return self._hookexec(self.name, self._hookimpls.copy(), kwargs, firstresult)
           ^^^^^^^^^^^^^^^^^^^^^^^^^^^^^^^^^^^^^^^^^^^^^^^^^^^^^^^^^^^^^^^^^^^^^^
.venv\Lib\site-packages\pluggy\_manager.py:120: in _hookexec
    return self._inner_hookexec(hook_name, methods, kwargs, firstresult)
           ^^^^^^^^^^^^^^^^^^^^^^^^^^^^^^^^^^^^^^^^^^^^^^^^^^^^^^^^^^^^^
.venv\Lib\site-packages\_pytest\logging.py:858: in pytest_runtest_setup
    yield
.venv\Lib\site-packages\_pytest\capture.py:895: in pytest_runtest_setup
    return (yield)
            ^^^^^
.venv\Lib\site-packages\_pytest\runner.py:170: in pytest_runtest_setup
    item.session._setupstate.setup(item)
.venv\Lib\site-packages\_pytest\runner.py:536: in setup
    col.setup()
.venv\Lib\site-packages\_pytest\python.py:1710: in setup
    self._request._fillfixtures()
.venv\Lib\site-packages\_pytest\fixtures.py:806: in _fillfixtures
    item.funcargs[argname] = self.getfixturevalue(argname)
                             ^^^^^^^^^^^^^^^^^^^^^^^^^^^^^
.venv\Lib\site-packages\_pytest\fixtures.py:630: in getfixturevalue
    fixturedef = self._get_active_fixturedef(argname)
                 ^^^^^^^^^^^^^^^^^^^^^^^^^^^^^^^^^^^^
.venv\Lib\site-packages\_pytest\fixtures.py:726: in _get_active_fixturedef
    fixturedef.execute(request=subrequest)
.venv\Lib\site-packages\_pytest\fixtures.py:1232: in execute
    result: FixtureValue = ihook.pytest_fixture_setup(
.venv\Lib\site-packages\pluggy\_hooks.py:512: in __call__
    return self._hookexec(self.name, self._hookimpls.copy(), kwargs, firstresult)
           ^^^^^^^^^^^^^^^^^^^^^^^^^^^^^^^^^^^^^^^^^^^^^^^^^^^^^^^^^^^^^^^^^^^^^^
.venv\Lib\site-packages\pluggy\_manager.py:120: in _hookexec
    return self._inner_hookexec(hook_name, methods, kwargs, firstresult)
           ^^^^^^^^^^^^^^^^^^^^^^^^^^^^^^^^^^^^^^^^^^^^^^^^^^^^^^^^^^^^^
.venv\Lib\site-packages\pluggy\_callers.py:53: in run_old_style_hookwrapper
    return result.get_result()
           ^^^^^^^^^^^^^^^^^^^
.venv\Lib\site-packages\pluggy\_callers.py:38: in run_old_style_hookwrapper
    res = yield
          ^^^^^
.venv\Lib\site-packages\_pytest\setuponly.py:36: in pytest_fixture_setup
    return (yield)
            ^^^^^
.venv\Lib\site-packages\_pytest\fixtures.py:1328: in pytest_fixture_setup
    result = call_fixture_func(fixturefunc, request, kwargs)
             ^^^^^^^^^^^^^^^^^^^^^^^^^^^^^^^^^^^^^^^^^^^^^^^
.venv\Lib\site-packages\_pytest\fixtures.py:998: in call_fixture_func
    fixture_result = next(generator)
                     ^^^^^^^^^^^^^^^
.venv\Lib\site-packages\_pytest\tmpdir.py:300: in tmp_path
    path = _mk_tmp(request, tmp_path_factory)
           ^^^^^^^^^^^^^^^^^^^^^^^^^^^^^^^^^^
.venv\Lib\site-packages\_pytest\tmpdir.py:287: in _mk_tmp
    return factory.mktemp(name, numbered=True)
           ^^^^^^^^^^^^^^^^^^^^^^^^^^^^^^^^^^^
.venv\Lib\site-packages\_pytest\tmpdir.py:136: in mktemp
    basename = self._ensure_relative_to_basetemp(basename)
               ^^^^^^^^^^^^^^^^^^^^^^^^^^^^^^^^^^^^^^^^^^^
.venv\Lib\site-packages\_pytest\tmpdir.py:117: in _ensure_relative_to_basetemp
    if (self.getbasetemp() / basename).resolve().parent != self.getbasetemp():
        ^^^^^^^^^^^^^^^^^^
.venv\Lib\site-packages\_pytest\tmpdir.py:213: in getbasetemp
    basetemp = make_numbered_dir_with_cleanup(
.venv\Lib\site-packages\_pytest\pathlib.py:420: in make_numbered_dir_with_cleanup
    raise e
.venv\Lib\site-packages\_pytest\pathlib.py:401: in make_numbered_dir_with_cleanup
    p = make_numbered_dir(root, prefix, mode)
        ^^^^^^^^^^^^^^^^^^^^^^^^^^^^^^^^^^^^^
.venv\Lib\site-packages\_pytest\pathlib.py:228: in make_numbered_dir
    max_existing = max(map(parse_num, find_suffixes(root, prefix)), default=-1)
                   ^^^^^^^^^^^^^^^^^^^^^^^^^^^^^^^^^^^^^^^^^^^^^^^^^^^^^^^^^^^^
.venv\Lib\site-packages\_pytest\pathlib.py:187: in extract_suffixes
    for entry in iter:
                 ^^^^
.venv\Lib\site-packages\_pytest\pathlib.py:175: in find_prefixed
    for x in os.scandir(root):
             ^^^^^^^^^^^^^^^^
E   PermissionError: [WinError 5] Access is denied: 'C:\\Users\\sunara4530sw\\AppData\\Local\\Temp\\pytest-of-sunara4530sw'
_______ ERROR at setup of test_bootstrap_setup_and_session_key_are_safe _______
.venv\Lib\site-packages\_pytest\runner.py:361: in from_call
    result: TResult | None = func()
                             ^^^^^^
.venv\Lib\site-packages\_pytest\runner.py:250: in <lambda>
    lambda: runtest_hook(item=item, **kwds),
            ^^^^^^^^^^^^^^^^^^^^^^^^^^^^^^^
.venv\Lib\site-packages\pluggy\_hooks.py:512: in __call__
    return self._hookexec(self.name, self._hookimpls.copy(), kwargs, firstresult)
           ^^^^^^^^^^^^^^^^^^^^^^^^^^^^^^^^^^^^^^^^^^^^^^^^^^^^^^^^^^^^^^^^^^^^^^
.venv\Lib\site-packages\pluggy\_manager.py:120: in _hookexec
    return self._inner_hookexec(hook_name, methods, kwargs, firstresult)
           ^^^^^^^^^^^^^^^^^^^^^^^^^^^^^^^^^^^^^^^^^^^^^^^^^^^^^^^^^^^^^
.venv\Lib\site-packages\_pytest\logging.py:858: in pytest_runtest_setup
    yield
.venv\Lib\site-packages\_pytest\capture.py:895: in pytest_runtest_setup
    return (yield)
            ^^^^^
.venv\Lib\site-packages\_pytest\runner.py:170: in pytest_runtest_setup
    item.session._setupstate.setup(item)
.venv\Lib\site-packages\_pytest\runner.py:536: in setup
    col.setup()
.venv\Lib\site-packages\_pytest\python.py:1710: in setup
    self._request._fillfixtures()
.venv\Lib\site-packages\_pytest\fixtures.py:806: in _fillfixtures
    item.funcargs[argname] = self.getfixturevalue(argname)
                             ^^^^^^^^^^^^^^^^^^^^^^^^^^^^^
.venv\Lib\site-packages\_pytest\fixtures.py:630: in getfixturevalue
    fixturedef = self._get_active_fixturedef(argname)
                 ^^^^^^^^^^^^^^^^^^^^^^^^^^^^^^^^^^^^
.venv\Lib\site-packages\_pytest\fixtures.py:726: in _get_active_fixturedef
    fixturedef.execute(request=subrequest)
.venv\Lib\site-packages\_pytest\fixtures.py:1232: in execute
    result: FixtureValue = ihook.pytest_fixture_setup(
.venv\Lib\site-packages\pluggy\_hooks.py:512: in __call__
    return self._hookexec(self.name, self._hookimpls.copy(), kwargs, firstresult)
           ^^^^^^^^^^^^^^^^^^^^^^^^^^^^^^^^^^^^^^^^^^^^^^^^^^^^^^^^^^^^^^^^^^^^^^
.venv\Lib\site-packages\pluggy\_manager.py:120: in _hookexec
    return self._inner_hookexec(hook_name, methods, kwargs, firstresult)
           ^^^^^^^^^^^^^^^^^^^^^^^^^^^^^^^^^^^^^^^^^^^^^^^^^^^^^^^^^^^^^
.venv\Lib\site-packages\pluggy\_callers.py:53: in run_old_style_hookwrapper
    return result.get_result()
           ^^^^^^^^^^^^^^^^^^^
.venv\Lib\site-packages\pluggy\_callers.py:38: in run_old_style_hookwrapper
    res = yield
          ^^^^^
.venv\Lib\site-packages\_pytest\setuponly.py:36: in pytest_fixture_setup
    return (yield)
            ^^^^^
.venv\Lib\site-packages\_pytest\fixtures.py:1328: in pytest_fixture_setup
    result = call_fixture_func(fixturefunc, request, kwargs)
             ^^^^^^^^^^^^^^^^^^^^^^^^^^^^^^^^^^^^^^^^^^^^^^^
.venv\Lib\site-packages\_pytest\fixtures.py:998: in call_fixture_func
    fixture_result = next(generator)
                     ^^^^^^^^^^^^^^^
.venv\Lib\site-packages\_pytest\tmpdir.py:300: in tmp_path
    path = _mk_tmp(request, tmp_path_factory)
           ^^^^^^^^^^^^^^^^^^^^^^^^^^^^^^^^^^
.venv\Lib\site-packages\_pytest\tmpdir.py:287: in _mk_tmp
    return factory.mktemp(name, numbered=True)
           ^^^^^^^^^^^^^^^^^^^^^^^^^^^^^^^^^^^
.venv\Lib\site-packages\_pytest\tmpdir.py:136: in mktemp
    basename = self._ensure_relative_to_basetemp(basename)
               ^^^^^^^^^^^^^^^^^^^^^^^^^^^^^^^^^^^^^^^^^^^
.venv\Lib\site-packages\_pytest\tmpdir.py:117: in _ensure_relative_to_basetemp
    if (self.getbasetemp() / basename).resolve().parent != self.getbasetemp():
        ^^^^^^^^^^^^^^^^^^
.venv\Lib\site-packages\_pytest\tmpdir.py:213: in getbasetemp
    basetemp = make_numbered_dir_with_cleanup(
.venv\Lib\site-packages\_pytest\pathlib.py:420: in make_numbered_dir_with_cleanup
    raise e
.venv\Lib\site-packages\_pytest\pathlib.py:401: in make_numbered_dir_with_cleanup
    p = make_numbered_dir(root, prefix, mode)
        ^^^^^^^^^^^^^^^^^^^^^^^^^^^^^^^^^^^^^
.venv\Lib\site-packages\_pytest\pathlib.py:228: in make_numbered_dir
    max_existing = max(map(parse_num, find_suffixes(root, prefix)), default=-1)
                   ^^^^^^^^^^^^^^^^^^^^^^^^^^^^^^^^^^^^^^^^^^^^^^^^^^^^^^^^^^^^
.venv\Lib\site-packages\_pytest\pathlib.py:187: in extract_suffixes
    for entry in iter:
                 ^^^^
.venv\Lib\site-packages\_pytest\pathlib.py:175: in find_prefixed
    for x in os.scandir(root):
             ^^^^^^^^^^^^^^^^
E   PermissionError: [WinError 5] Access is denied: 'C:\\Users\\sunara4530sw\\AppData\\Local\\Temp\\pytest-of-sunara4530sw'
_ ERROR at setup of test_restart_keeps_portfolio_results_but_drops_session_key _
.venv\Lib\site-packages\_pytest\runner.py:361: in from_call
    result: TResult | None = func()
                             ^^^^^^
.venv\Lib\site-packages\_pytest\runner.py:250: in <lambda>
    lambda: runtest_hook(item=item, **kwds),
            ^^^^^^^^^^^^^^^^^^^^^^^^^^^^^^^
.venv\Lib\site-packages\pluggy\_hooks.py:512: in __call__
    return self._hookexec(self.name, self._hookimpls.copy(), kwargs, firstresult)
           ^^^^^^^^^^^^^^^^^^^^^^^^^^^^^^^^^^^^^^^^^^^^^^^^^^^^^^^^^^^^^^^^^^^^^^
.venv\Lib\site-packages\pluggy\_manager.py:120: in _hookexec
    return self._inner_hookexec(hook_name, methods, kwargs, firstresult)
           ^^^^^^^^^^^^^^^^^^^^^^^^^^^^^^^^^^^^^^^^^^^^^^^^^^^^^^^^^^^^^
.venv\Lib\site-packages\_pytest\logging.py:858: in pytest_runtest_setup
    yield
.venv\Lib\site-packages\_pytest\capture.py:895: in pytest_runtest_setup
    return (yield)
            ^^^^^
.venv\Lib\site-packages\_pytest\runner.py:170: in pytest_runtest_setup
    item.session._setupstate.setup(item)
.venv\Lib\site-packages\_pytest\runner.py:536: in setup
    col.setup()
.venv\Lib\site-packages\_pytest\python.py:1710: in setup
    self._request._fillfixtures()
.venv\Lib\site-packages\_pytest\fixtures.py:806: in _fillfixtures
    item.funcargs[argname] = self.getfixturevalue(argname)
                             ^^^^^^^^^^^^^^^^^^^^^^^^^^^^^
.venv\Lib\site-packages\_pytest\fixtures.py:630: in getfixturevalue
    fixturedef = self._get_active_fixturedef(argname)
                 ^^^^^^^^^^^^^^^^^^^^^^^^^^^^^^^^^^^^
.venv\Lib\site-packages\_pytest\fixtures.py:726: in _get_active_fixturedef
    fixturedef.execute(request=subrequest)
.venv\Lib\site-packages\_pytest\fixtures.py:1232: in execute
    result: FixtureValue = ihook.pytest_fixture_setup(
.venv\Lib\site-packages\pluggy\_hooks.py:512: in __call__
    return self._hookexec(self.name, self._hookimpls.copy(), kwargs, firstresult)
           ^^^^^^^^^^^^^^^^^^^^^^^^^^^^^^^^^^^^^^^^^^^^^^^^^^^^^^^^^^^^^^^^^^^^^^
.venv\Lib\site-packages\pluggy\_manager.py:120: in _hookexec
    return self._inner_hookexec(hook_name, methods, kwargs, firstresult)
           ^^^^^^^^^^^^^^^^^^^^^^^^^^^^^^^^^^^^^^^^^^^^^^^^^^^^^^^^^^^^^
.venv\Lib\site-packages\pluggy\_callers.py:53: in run_old_style_hookwrapper
    return result.get_result()
           ^^^^^^^^^^^^^^^^^^^
.venv\Lib\site-packages\pluggy\_callers.py:38: in run_old_style_hookwrapper
    res = yield
          ^^^^^
.venv\Lib\site-packages\_pytest\setuponly.py:36: in pytest_fixture_setup
    return (yield)
            ^^^^^
.venv\Lib\site-packages\_pytest\fixtures.py:1328: in pytest_fixture_setup
    result = call_fixture_func(fixturefunc, request, kwargs)
             ^^^^^^^^^^^^^^^^^^^^^^^^^^^^^^^^^^^^^^^^^^^^^^^
.venv\Lib\site-packages\_pytest\fixtures.py:998: in call_fixture_func
    fixture_result = next(generator)
                     ^^^^^^^^^^^^^^^
.venv\Lib\site-packages\_pytest\tmpdir.py:300: in tmp_path
    path = _mk_tmp(request, tmp_path_factory)
           ^^^^^^^^^^^^^^^^^^^^^^^^^^^^^^^^^^
.venv\Lib\site-packages\_pytest\tmpdir.py:287: in _mk_tmp
    return factory.mktemp(name, numbered=True)
           ^^^^^^^^^^^^^^^^^^^^^^^^^^^^^^^^^^^
.venv\Lib\site-packages\_pytest\tmpdir.py:136: in mktemp
    basename = self._ensure_relative_to_basetemp(basename)
               ^^^^^^^^^^^^^^^^^^^^^^^^^^^^^^^^^^^^^^^^^^^
.venv\Lib\site-packages\_pytest\tmpdir.py:117: in _ensure_relative_to_basetemp
    if (self.getbasetemp() / basename).resolve().parent != self.getbasetemp():
        ^^^^^^^^^^^^^^^^^^
.venv\Lib\site-packages\_pytest\tmpdir.py:213: in getbasetemp
    basetemp = make_numbered_dir_with_cleanup(
.venv\Lib\site-packages\_pytest\pathlib.py:420: in make_numbered_dir_with_cleanup
    raise e
.venv\Lib\site-packages\_pytest\pathlib.py:401: in make_numbered_dir_with_cleanup
    p = make_numbered_dir(root, prefix, mode)
        ^^^^^^^^^^^^^^^^^^^^^^^^^^^^^^^^^^^^^
.venv\Lib\site-packages\_pytest\pathlib.py:228: in make_numbered_dir
    max_existing = max(map(parse_num, find_suffixes(root, prefix)), default=-1)
                   ^^^^^^^^^^^^^^^^^^^^^^^^^^^^^^^^^^^^^^^^^^^^^^^^^^^^^^^^^^^^
.venv\Lib\site-packages\_pytest\pathlib.py:187: in extract_suffixes
    for entry in iter:
                 ^^^^
.venv\Lib\site-packages\_pytest\pathlib.py:175: in find_prefixed
    for x in os.scandir(root):
             ^^^^^^^^^^^^^^^^
E   PermissionError: [WinError 5] Access is denied: 'C:\\Users\\sunara4530sw\\AppData\\Local\\Temp\\pytest-of-sunara4530sw'
_________ ERROR at setup of test_demo_contract_and_shadow_default_off _________
.venv\Lib\site-packages\_pytest\runner.py:361: in from_call
    result: TResult | None = func()
                             ^^^^^^
.venv\Lib\site-packages\_pytest\runner.py:250: in <lambda>
    lambda: runtest_hook(item=item, **kwds),
            ^^^^^^^^^^^^^^^^^^^^^^^^^^^^^^^
.venv\Lib\site-packages\pluggy\_hooks.py:512: in __call__
    return self._hookexec(self.name, self._hookimpls.copy(), kwargs, firstresult)
           ^^^^^^^^^^^^^^^^^^^^^^^^^^^^^^^^^^^^^^^^^^^^^^^^^^^^^^^^^^^^^^^^^^^^^^
.venv\Lib\site-packages\pluggy\_manager.py:120: in _hookexec
    return self._inner_hookexec(hook_name, methods, kwargs, firstresult)
           ^^^^^^^^^^^^^^^^^^^^^^^^^^^^^^^^^^^^^^^^^^^^^^^^^^^^^^^^^^^^^
.venv\Lib\site-packages\_pytest\logging.py:858: in pytest_runtest_setup
    yield
.venv\Lib\site-packages\_pytest\capture.py:895: in pytest_runtest_setup
    return (yield)
            ^^^^^
.venv\Lib\site-packages\_pytest\runner.py:170: in pytest_runtest_setup
    item.session._setupstate.setup(item)
.venv\Lib\site-packages\_pytest\runner.py:536: in setup
    col.setup()
.venv\Lib\site-packages\_pytest\python.py:1710: in setup
    self._request._fillfixtures()
.venv\Lib\site-packages\_pytest\fixtures.py:806: in _fillfixtures
    item.funcargs[argname] = self.getfixturevalue(argname)
                             ^^^^^^^^^^^^^^^^^^^^^^^^^^^^^
.venv\Lib\site-packages\_pytest\fixtures.py:630: in getfixturevalue
    fixturedef = self._get_active_fixturedef(argname)
                 ^^^^^^^^^^^^^^^^^^^^^^^^^^^^^^^^^^^^
.venv\Lib\site-packages\_pytest\fixtures.py:726: in _get_active_fixturedef
    fixturedef.execute(request=subrequest)
.venv\Lib\site-packages\_pytest\fixtures.py:1232: in execute
    result: FixtureValue = ihook.pytest_fixture_setup(
.venv\Lib\site-packages\pluggy\_hooks.py:512: in __call__
    return self._hookexec(self.name, self._hookimpls.copy(), kwargs, firstresult)
           ^^^^^^^^^^^^^^^^^^^^^^^^^^^^^^^^^^^^^^^^^^^^^^^^^^^^^^^^^^^^^^^^^^^^^^
.venv\Lib\site-packages\pluggy\_manager.py:120: in _hookexec
    return self._inner_hookexec(hook_name, methods, kwargs, firstresult)
           ^^^^^^^^^^^^^^^^^^^^^^^^^^^^^^^^^^^^^^^^^^^^^^^^^^^^^^^^^^^^^
.venv\Lib\site-packages\pluggy\_callers.py:53: in run_old_style_hookwrapper
    return result.get_result()
           ^^^^^^^^^^^^^^^^^^^
.venv\Lib\site-packages\pluggy\_callers.py:38: in run_old_style_hookwrapper
    res = yield
          ^^^^^
.venv\Lib\site-packages\_pytest\setuponly.py:36: in pytest_fixture_setup
    return (yield)
            ^^^^^
.venv\Lib\site-packages\_pytest\fixtures.py:1328: in pytest_fixture_setup
    result = call_fixture_func(fixturefunc, request, kwargs)
             ^^^^^^^^^^^^^^^^^^^^^^^^^^^^^^^^^^^^^^^^^^^^^^^
.venv\Lib\site-packages\_pytest\fixtures.py:998: in call_fixture_func
    fixture_result = next(generator)
                     ^^^^^^^^^^^^^^^
.venv\Lib\site-packages\_pytest\tmpdir.py:300: in tmp_path
    path = _mk_tmp(request, tmp_path_factory)
           ^^^^^^^^^^^^^^^^^^^^^^^^^^^^^^^^^^
.venv\Lib\site-packages\_pytest\tmpdir.py:287: in _mk_tmp
    return factory.mktemp(name, numbered=True)
           ^^^^^^^^^^^^^^^^^^^^^^^^^^^^^^^^^^^
.venv\Lib\site-packages\_pytest\tmpdir.py:136: in mktemp
    basename = self._ensure_relative_to_basetemp(basename)
               ^^^^^^^^^^^^^^^^^^^^^^^^^^^^^^^^^^^^^^^^^^^
.venv\Lib\site-packages\_pytest\tmpdir.py:117: in _ensure_relative_to_basetemp
    if (self.getbasetemp() / basename).resolve().parent != self.getbasetemp():
        ^^^^^^^^^^^^^^^^^^
.venv\Lib\site-packages\_pytest\tmpdir.py:213: in getbasetemp
    basetemp = make_numbered_dir_with_cleanup(
.venv\Lib\site-packages\_pytest\pathlib.py:420: in make_numbered_dir_with_cleanup
    raise e
.venv\Lib\site-packages\_pytest\pathlib.py:401: in make_numbered_dir_with_cleanup
    p = make_numbered_dir(root, prefix, mode)
        ^^^^^^^^^^^^^^^^^^^^^^^^^^^^^^^^^^^^^
.venv\Lib\site-packages\_pytest\pathlib.py:228: in make_numbered_dir
    max_existing = max(map(parse_num, find_suffixes(root, prefix)), default=-1)
                   ^^^^^^^^^^^^^^^^^^^^^^^^^^^^^^^^^^^^^^^^^^^^^^^^^^^^^^^^^^^^
.venv\Lib\site-packages\_pytest\pathlib.py:187: in extract_suffixes
    for entry in iter:
                 ^^^^
.venv\Lib\site-packages\_pytest\pathlib.py:175: in find_prefixed
    for x in os.scandir(root):
             ^^^^^^^^^^^^^^^^
E   PermissionError: [WinError 5] Access is denied: 'C:\\Users\\sunara4530sw\\AppData\\Local\\Temp\\pytest-of-sunara4530sw'
________ ERROR at setup of test_live_shadow_requires_persisted_opt_in _________
.venv\Lib\site-packages\_pytest\runner.py:361: in from_call
    result: TResult | None = func()
                             ^^^^^^
.venv\Lib\site-packages\_pytest\runner.py:250: in <lambda>
    lambda: runtest_hook(item=item, **kwds),
            ^^^^^^^^^^^^^^^^^^^^^^^^^^^^^^^
.venv\Lib\site-packages\pluggy\_hooks.py:512: in __call__
    return self._hookexec(self.name, self._hookimpls.copy(), kwargs, firstresult)
           ^^^^^^^^^^^^^^^^^^^^^^^^^^^^^^^^^^^^^^^^^^^^^^^^^^^^^^^^^^^^^^^^^^^^^^
.venv\Lib\site-packages\pluggy\_manager.py:120: in _hookexec
    return self._inner_hookexec(hook_name, methods, kwargs, firstresult)
           ^^^^^^^^^^^^^^^^^^^^^^^^^^^^^^^^^^^^^^^^^^^^^^^^^^^^^^^^^^^^^
.venv\Lib\site-packages\_pytest\logging.py:858: in pytest_runtest_setup
    yield
.venv\Lib\site-packages\_pytest\capture.py:895: in pytest_runtest_setup
    return (yield)
            ^^^^^
.venv\Lib\site-packages\_pytest\runner.py:170: in pytest_runtest_setup
    item.session._setupstate.setup(item)
.venv\Lib\site-packages\_pytest\runner.py:536: in setup
    col.setup()
.venv\Lib\site-packages\_pytest\python.py:1710: in setup
    self._request._fillfixtures()
.venv\Lib\site-packages\_pytest\fixtures.py:806: in _fillfixtures
    item.funcargs[argname] = self.getfixturevalue(argname)
                             ^^^^^^^^^^^^^^^^^^^^^^^^^^^^^
.venv\Lib\site-packages\_pytest\fixtures.py:630: in getfixturevalue
    fixturedef = self._get_active_fixturedef(argname)
                 ^^^^^^^^^^^^^^^^^^^^^^^^^^^^^^^^^^^^
.venv\Lib\site-packages\_pytest\fixtures.py:726: in _get_active_fixturedef
    fixturedef.execute(request=subrequest)
.venv\Lib\site-packages\_pytest\fixtures.py:1232: in execute
    result: FixtureValue = ihook.pytest_fixture_setup(
.venv\Lib\site-packages\pluggy\_hooks.py:512: in __call__
    return self._hookexec(self.name, self._hookimpls.copy(), kwargs, firstresult)
           ^^^^^^^^^^^^^^^^^^^^^^^^^^^^^^^^^^^^^^^^^^^^^^^^^^^^^^^^^^^^^^^^^^^^^^
.venv\Lib\site-packages\pluggy\_manager.py:120: in _hookexec
    return self._inner_hookexec(hook_name, methods, kwargs, firstresult)
           ^^^^^^^^^^^^^^^^^^^^^^^^^^^^^^^^^^^^^^^^^^^^^^^^^^^^^^^^^^^^^
.venv\Lib\site-packages\pluggy\_callers.py:53: in run_old_style_hookwrapper
    return result.get_result()
           ^^^^^^^^^^^^^^^^^^^
.venv\Lib\site-packages\pluggy\_callers.py:38: in run_old_style_hookwrapper
    res = yield
          ^^^^^
.venv\Lib\site-packages\_pytest\setuponly.py:36: in pytest_fixture_setup
    return (yield)
            ^^^^^
.venv\Lib\site-packages\_pytest\fixtures.py:1328: in pytest_fixture_setup
    result = call_fixture_func(fixturefunc, request, kwargs)
             ^^^^^^^^^^^^^^^^^^^^^^^^^^^^^^^^^^^^^^^^^^^^^^^
.venv\Lib\site-packages\_pytest\fixtures.py:998: in call_fixture_func
    fixture_result = next(generator)
                     ^^^^^^^^^^^^^^^
.venv\Lib\site-packages\_pytest\tmpdir.py:300: in tmp_path
    path = _mk_tmp(request, tmp_path_factory)
           ^^^^^^^^^^^^^^^^^^^^^^^^^^^^^^^^^^
.venv\Lib\site-packages\_pytest\tmpdir.py:287: in _mk_tmp
    return factory.mktemp(name, numbered=True)
           ^^^^^^^^^^^^^^^^^^^^^^^^^^^^^^^^^^^
.venv\Lib\site-packages\_pytest\tmpdir.py:136: in mktemp
    basename = self._ensure_relative_to_basetemp(basename)
               ^^^^^^^^^^^^^^^^^^^^^^^^^^^^^^^^^^^^^^^^^^^
.venv\Lib\site-packages\_pytest\tmpdir.py:117: in _ensure_relative_to_basetemp
    if (self.getbasetemp() / basename).resolve().parent != self.getbasetemp():
        ^^^^^^^^^^^^^^^^^^
.venv\Lib\site-packages\_pytest\tmpdir.py:213: in getbasetemp
    basetemp = make_numbered_dir_with_cleanup(
.venv\Lib\site-packages\_pytest\pathlib.py:420: in make_numbered_dir_with_cleanup
    raise e
.venv\Lib\site-packages\_pytest\pathlib.py:401: in make_numbered_dir_with_cleanup
    p = make_numbered_dir(root, prefix, mode)
        ^^^^^^^^^^^^^^^^^^^^^^^^^^^^^^^^^^^^^
.venv\Lib\site-packages\_pytest\pathlib.py:228: in make_numbered_dir
    max_existing = max(map(parse_num, find_suffixes(root, prefix)), default=-1)
                   ^^^^^^^^^^^^^^^^^^^^^^^^^^^^^^^^^^^^^^^^^^^^^^^^^^^^^^^^^^^^
.venv\Lib\site-packages\_pytest\pathlib.py:187: in extract_suffixes
    for entry in iter:
                 ^^^^
.venv\Lib\site-packages\_pytest\pathlib.py:175: in find_prefixed
    for x in os.scandir(root):
             ^^^^^^^^^^^^^^^^
E   PermissionError: [WinError 5] Access is denied: 'C:\\Users\\sunara4530sw\\AppData\\Local\\Temp\\pytest-of-sunara4530sw'
___________ ERROR at setup of test_mutation_rejects_foreign_origin ____________
.venv\Lib\site-packages\_pytest\runner.py:361: in from_call
    result: TResult | None = func()
                             ^^^^^^
.venv\Lib\site-packages\_pytest\runner.py:250: in <lambda>
    lambda: runtest_hook(item=item, **kwds),
            ^^^^^^^^^^^^^^^^^^^^^^^^^^^^^^^
.venv\Lib\site-packages\pluggy\_hooks.py:512: in __call__
    return self._hookexec(self.name, self._hookimpls.copy(), kwargs, firstresult)
           ^^^^^^^^^^^^^^^^^^^^^^^^^^^^^^^^^^^^^^^^^^^^^^^^^^^^^^^^^^^^^^^^^^^^^^
.venv\Lib\site-packages\pluggy\_manager.py:120: in _hookexec
    return self._inner_hookexec(hook_name, methods, kwargs, firstresult)
           ^^^^^^^^^^^^^^^^^^^^^^^^^^^^^^^^^^^^^^^^^^^^^^^^^^^^^^^^^^^^^
.venv\Lib\site-packages\_pytest\logging.py:858: in pytest_runtest_setup
    yield
.venv\Lib\site-packages\_pytest\capture.py:895: in pytest_runtest_setup
    return (yield)
            ^^^^^
.venv\Lib\site-packages\_pytest\runner.py:170: in pytest_runtest_setup
    item.session._setupstate.setup(item)
.venv\Lib\site-packages\_pytest\runner.py:536: in setup
    col.setup()
.venv\Lib\site-packages\_pytest\python.py:1710: in setup
    self._request._fillfixtures()
.venv\Lib\site-packages\_pytest\fixtures.py:806: in _fillfixtures
    item.funcargs[argname] = self.getfixturevalue(argname)
                             ^^^^^^^^^^^^^^^^^^^^^^^^^^^^^
.venv\Lib\site-packages\_pytest\fixtures.py:630: in getfixturevalue
    fixturedef = self._get_active_fixturedef(argname)
                 ^^^^^^^^^^^^^^^^^^^^^^^^^^^^^^^^^^^^
.venv\Lib\site-packages\_pytest\fixtures.py:726: in _get_active_fixturedef
    fixturedef.execute(request=subrequest)
.venv\Lib\site-packages\_pytest\fixtures.py:1232: in execute
    result: FixtureValue = ihook.pytest_fixture_setup(
.venv\Lib\site-packages\pluggy\_hooks.py:512: in __call__
    return self._hookexec(self.name, self._hookimpls.copy(), kwargs, firstresult)
           ^^^^^^^^^^^^^^^^^^^^^^^^^^^^^^^^^^^^^^^^^^^^^^^^^^^^^^^^^^^^^^^^^^^^^^
.venv\Lib\site-packages\pluggy\_manager.py:120: in _hookexec
    return self._inner_hookexec(hook_name, methods, kwargs, firstresult)
           ^^^^^^^^^^^^^^^^^^^^^^^^^^^^^^^^^^^^^^^^^^^^^^^^^^^^^^^^^^^^^
.venv\Lib\site-packages\pluggy\_callers.py:53: in run_old_style_hookwrapper
    return result.get_result()
           ^^^^^^^^^^^^^^^^^^^
.venv\Lib\site-packages\pluggy\_callers.py:38: in run_old_style_hookwrapper
    res = yield
          ^^^^^
.venv\Lib\site-packages\_pytest\setuponly.py:36: in pytest_fixture_setup
    return (yield)
            ^^^^^
.venv\Lib\site-packages\_pytest\fixtures.py:1328: in pytest_fixture_setup
    result = call_fixture_func(fixturefunc, request, kwargs)
             ^^^^^^^^^^^^^^^^^^^^^^^^^^^^^^^^^^^^^^^^^^^^^^^
.venv\Lib\site-packages\_pytest\fixtures.py:998: in call_fixture_func
    fixture_result = next(generator)
                     ^^^^^^^^^^^^^^^
.venv\Lib\site-packages\_pytest\tmpdir.py:300: in tmp_path
    path = _mk_tmp(request, tmp_path_factory)
           ^^^^^^^^^^^^^^^^^^^^^^^^^^^^^^^^^^
.venv\Lib\site-packages\_pytest\tmpdir.py:287: in _mk_tmp
    return factory.mktemp(name, numbered=True)
           ^^^^^^^^^^^^^^^^^^^^^^^^^^^^^^^^^^^
.venv\Lib\site-packages\_pytest\tmpdir.py:136: in mktemp
    basename = self._ensure_relative_to_basetemp(basename)
               ^^^^^^^^^^^^^^^^^^^^^^^^^^^^^^^^^^^^^^^^^^^
.venv\Lib\site-packages\_pytest\tmpdir.py:117: in _ensure_relative_to_basetemp
    if (self.getbasetemp() / basename).resolve().parent != self.getbasetemp():
        ^^^^^^^^^^^^^^^^^^
.venv\Lib\site-packages\_pytest\tmpdir.py:213: in getbasetemp
    basetemp = make_numbered_dir_with_cleanup(
.venv\Lib\site-packages\_pytest\pathlib.py:420: in make_numbered_dir_with_cleanup
    raise e
.venv\Lib\site-packages\_pytest\pathlib.py:401: in make_numbered_dir_with_cleanup
    p = make_numbered_dir(root, prefix, mode)
        ^^^^^^^^^^^^^^^^^^^^^^^^^^^^^^^^^^^^^
.venv\Lib\site-packages\_pytest\pathlib.py:228: in make_numbered_dir
    max_existing = max(map(parse_num, find_suffixes(root, prefix)), default=-1)
                   ^^^^^^^^^^^^^^^^^^^^^^^^^^^^^^^^^^^^^^^^^^^^^^^^^^^^^^^^^^^^
.venv\Lib\site-packages\_pytest\pathlib.py:187: in extract_suffixes
    for entry in iter:
                 ^^^^
.venv\Lib\site-packages\_pytest\pathlib.py:175: in find_prefixed
    for x in os.scandir(root):
             ^^^^^^^^^^^^^^^^
E   PermissionError: [WinError 5] Access is denied: 'C:\\Users\\sunara4530sw\\AppData\\Local\\Temp\\pytest-of-sunara4530sw'
_ ERROR at setup of test_frontend_dist_can_be_configured_for_packaged_deployment _
.venv\Lib\site-packages\_pytest\runner.py:361: in from_call
    result: TResult | None = func()
                             ^^^^^^
.venv\Lib\site-packages\_pytest\runner.py:250: in <lambda>
    lambda: runtest_hook(item=item, **kwds),
            ^^^^^^^^^^^^^^^^^^^^^^^^^^^^^^^
.venv\Lib\site-packages\pluggy\_hooks.py:512: in __call__
    return self._hookexec(self.name, self._hookimpls.copy(), kwargs, firstresult)
           ^^^^^^^^^^^^^^^^^^^^^^^^^^^^^^^^^^^^^^^^^^^^^^^^^^^^^^^^^^^^^^^^^^^^^^
.venv\Lib\site-packages\pluggy\_manager.py:120: in _hookexec
    return self._inner_hookexec(hook_name, methods, kwargs, firstresult)
           ^^^^^^^^^^^^^^^^^^^^^^^^^^^^^^^^^^^^^^^^^^^^^^^^^^^^^^^^^^^^^
.venv\Lib\site-packages\_pytest\logging.py:858: in pytest_runtest_setup
    yield
.venv\Lib\site-packages\_pytest\capture.py:895: in pytest_runtest_setup
    return (yield)
            ^^^^^
.venv\Lib\site-packages\_pytest\runner.py:170: in pytest_runtest_setup
    item.session._setupstate.setup(item)
.venv\Lib\site-packages\_pytest\runner.py:536: in setup
    col.setup()
.venv\Lib\site-packages\_pytest\python.py:1710: in setup
    self._request._fillfixtures()
.venv\Lib\site-packages\_pytest\fixtures.py:806: in _fillfixtures
    item.funcargs[argname] = self.getfixturevalue(argname)
                             ^^^^^^^^^^^^^^^^^^^^^^^^^^^^^
.venv\Lib\site-packages\_pytest\fixtures.py:630: in getfixturevalue
    fixturedef = self._get_active_fixturedef(argname)
                 ^^^^^^^^^^^^^^^^^^^^^^^^^^^^^^^^^^^^
.venv\Lib\site-packages\_pytest\fixtures.py:726: in _get_active_fixturedef
    fixturedef.execute(request=subrequest)
.venv\Lib\site-packages\_pytest\fixtures.py:1232: in execute
    result: FixtureValue = ihook.pytest_fixture_setup(
.venv\Lib\site-packages\pluggy\_hooks.py:512: in __call__
    return self._hookexec(self.name, self._hookimpls.copy(), kwargs, firstresult)
           ^^^^^^^^^^^^^^^^^^^^^^^^^^^^^^^^^^^^^^^^^^^^^^^^^^^^^^^^^^^^^^^^^^^^^^
.venv\Lib\site-packages\pluggy\_manager.py:120: in _hookexec
    return self._inner_hookexec(hook_name, methods, kwargs, firstresult)
           ^^^^^^^^^^^^^^^^^^^^^^^^^^^^^^^^^^^^^^^^^^^^^^^^^^^^^^^^^^^^^
.venv\Lib\site-packages\pluggy\_callers.py:53: in run_old_style_hookwrapper
    return result.get_result()
           ^^^^^^^^^^^^^^^^^^^
.venv\Lib\site-packages\pluggy\_callers.py:38: in run_old_style_hookwrapper
    res = yield
          ^^^^^
.venv\Lib\site-packages\_pytest\setuponly.py:36: in pytest_fixture_setup
    return (yield)
            ^^^^^
.venv\Lib\site-packages\_pytest\fixtures.py:1328: in pytest_fixture_setup
    result = call_fixture_func(fixturefunc, request, kwargs)
             ^^^^^^^^^^^^^^^^^^^^^^^^^^^^^^^^^^^^^^^^^^^^^^^
.venv\Lib\site-packages\_pytest\fixtures.py:998: in call_fixture_func
    fixture_result = next(generator)
                     ^^^^^^^^^^^^^^^
.venv\Lib\site-packages\_pytest\tmpdir.py:300: in tmp_path
    path = _mk_tmp(request, tmp_path_factory)
           ^^^^^^^^^^^^^^^^^^^^^^^^^^^^^^^^^^
.venv\Lib\site-packages\_pytest\tmpdir.py:287: in _mk_tmp
    return factory.mktemp(name, numbered=True)
           ^^^^^^^^^^^^^^^^^^^^^^^^^^^^^^^^^^^
.venv\Lib\site-packages\_pytest\tmpdir.py:136: in mktemp
    basename = self._ensure_relative_to_basetemp(basename)
               ^^^^^^^^^^^^^^^^^^^^^^^^^^^^^^^^^^^^^^^^^^^
.venv\Lib\site-packages\_pytest\tmpdir.py:117: in _ensure_relative_to_basetemp
    if (self.getbasetemp() / basename).resolve().parent != self.getbasetemp():
        ^^^^^^^^^^^^^^^^^^
.venv\Lib\site-packages\_pytest\tmpdir.py:213: in getbasetemp
    basetemp = make_numbered_dir_with_cleanup(
.venv\Lib\site-packages\_pytest\pathlib.py:420: in make_numbered_dir_with_cleanup
    raise e
.venv\Lib\site-packages\_pytest\pathlib.py:401: in make_numbered_dir_with_cleanup
    p = make_numbered_dir(root, prefix, mode)
        ^^^^^^^^^^^^^^^^^^^^^^^^^^^^^^^^^^^^^
.venv\Lib\site-packages\_pytest\pathlib.py:228: in make_numbered_dir
    max_existing = max(map(parse_num, find_suffixes(root, prefix)), default=-1)
                   ^^^^^^^^^^^^^^^^^^^^^^^^^^^^^^^^^^^^^^^^^^^^^^^^^^^^^^^^^^^^
.venv\Lib\site-packages\_pytest\pathlib.py:187: in extract_suffixes
    for entry in iter:
                 ^^^^
.venv\Lib\site-packages\_pytest\pathlib.py:175: in find_prefixed
    for x in os.scandir(root):
             ^^^^^^^^^^^^^^^^
E   PermissionError: [WinError 5] Access is denied: 'C:\\Users\\sunara4530sw\\AppData\\Local\\Temp\\pytest-of-sunara4530sw'
___ ERROR at setup of test_web_sync_computes_and_persists_verified_metrics ____
.venv\Lib\site-packages\_pytest\runner.py:361: in from_call
    result: TResult | None = func()
                             ^^^^^^
.venv\Lib\site-packages\_pytest\runner.py:250: in <lambda>
    lambda: runtest_hook(item=item, **kwds),
            ^^^^^^^^^^^^^^^^^^^^^^^^^^^^^^^
.venv\Lib\site-packages\pluggy\_hooks.py:512: in __call__
    return self._hookexec(self.name, self._hookimpls.copy(), kwargs, firstresult)
           ^^^^^^^^^^^^^^^^^^^^^^^^^^^^^^^^^^^^^^^^^^^^^^^^^^^^^^^^^^^^^^^^^^^^^^
.venv\Lib\site-packages\pluggy\_manager.py:120: in _hookexec
    return self._inner_hookexec(hook_name, methods, kwargs, firstresult)
           ^^^^^^^^^^^^^^^^^^^^^^^^^^^^^^^^^^^^^^^^^^^^^^^^^^^^^^^^^^^^^
.venv\Lib\site-packages\_pytest\logging.py:858: in pytest_runtest_setup
    yield
.venv\Lib\site-packages\_pytest\capture.py:895: in pytest_runtest_setup
    return (yield)
            ^^^^^
.venv\Lib\site-packages\_pytest\runner.py:170: in pytest_runtest_setup
    item.session._setupstate.setup(item)
.venv\Lib\site-packages\_pytest\runner.py:536: in setup
    col.setup()
.venv\Lib\site-packages\_pytest\python.py:1710: in setup
    self._request._fillfixtures()
.venv\Lib\site-packages\_pytest\fixtures.py:806: in _fillfixtures
    item.funcargs[argname] = self.getfixturevalue(argname)
                             ^^^^^^^^^^^^^^^^^^^^^^^^^^^^^
.venv\Lib\site-packages\_pytest\fixtures.py:630: in getfixturevalue
    fixturedef = self._get_active_fixturedef(argname)
                 ^^^^^^^^^^^^^^^^^^^^^^^^^^^^^^^^^^^^
.venv\Lib\site-packages\_pytest\fixtures.py:726: in _get_active_fixturedef
    fixturedef.execute(request=subrequest)
.venv\Lib\site-packages\_pytest\fixtures.py:1232: in execute
    result: FixtureValue = ihook.pytest_fixture_setup(
.venv\Lib\site-packages\pluggy\_hooks.py:512: in __call__
    return self._hookexec(self.name, self._hookimpls.copy(), kwargs, firstresult)
           ^^^^^^^^^^^^^^^^^^^^^^^^^^^^^^^^^^^^^^^^^^^^^^^^^^^^^^^^^^^^^^^^^^^^^^
.venv\Lib\site-packages\pluggy\_manager.py:120: in _hookexec
    return self._inner_hookexec(hook_name, methods, kwargs, firstresult)
           ^^^^^^^^^^^^^^^^^^^^^^^^^^^^^^^^^^^^^^^^^^^^^^^^^^^^^^^^^^^^^
.venv\Lib\site-packages\pluggy\_callers.py:53: in run_old_style_hookwrapper
    return result.get_result()
           ^^^^^^^^^^^^^^^^^^^
.venv\Lib\site-packages\pluggy\_callers.py:38: in run_old_style_hookwrapper
    res = yield
          ^^^^^
.venv\Lib\site-packages\_pytest\setuponly.py:36: in pytest_fixture_setup
    return (yield)
            ^^^^^
.venv\Lib\site-packages\_pytest\fixtures.py:1328: in pytest_fixture_setup
    result = call_fixture_func(fixturefunc, request, kwargs)
             ^^^^^^^^^^^^^^^^^^^^^^^^^^^^^^^^^^^^^^^^^^^^^^^
.venv\Lib\site-packages\_pytest\fixtures.py:998: in call_fixture_func
    fixture_result = next(generator)
                     ^^^^^^^^^^^^^^^
.venv\Lib\site-packages\_pytest\tmpdir.py:300: in tmp_path
    path = _mk_tmp(request, tmp_path_factory)
           ^^^^^^^^^^^^^^^^^^^^^^^^^^^^^^^^^^
.venv\Lib\site-packages\_pytest\tmpdir.py:287: in _mk_tmp
    return factory.mktemp(name, numbered=True)
           ^^^^^^^^^^^^^^^^^^^^^^^^^^^^^^^^^^^
.venv\Lib\site-packages\_pytest\tmpdir.py:136: in mktemp
    basename = self._ensure_relative_to_basetemp(basename)
               ^^^^^^^^^^^^^^^^^^^^^^^^^^^^^^^^^^^^^^^^^^^
.venv\Lib\site-packages\_pytest\tmpdir.py:117: in _ensure_relative_to_basetemp
    if (self.getbasetemp() / basename).resolve().parent != self.getbasetemp():
        ^^^^^^^^^^^^^^^^^^
.venv\Lib\site-packages\_pytest\tmpdir.py:213: in getbasetemp
    basetemp = make_numbered_dir_with_cleanup(
.venv\Lib\site-packages\_pytest\pathlib.py:420: in make_numbered_dir_with_cleanup
    raise e
.venv\Lib\site-packages\_pytest\pathlib.py:401: in make_numbered_dir_with_cleanup
    p = make_numbered_dir(root, prefix, mode)
        ^^^^^^^^^^^^^^^^^^^^^^^^^^^^^^^^^^^^^
.venv\Lib\site-packages\_pytest\pathlib.py:228: in make_numbered_dir
    max_existing = max(map(parse_num, find_suffixes(root, prefix)), default=-1)
                   ^^^^^^^^^^^^^^^^^^^^^^^^^^^^^^^^^^^^^^^^^^^^^^^^^^^^^^^^^^^^
.venv\Lib\site-packages\_pytest\pathlib.py:187: in extract_suffixes
    for entry in iter:
                 ^^^^
.venv\Lib\site-packages\_pytest\pathlib.py:175: in find_prefixed
    for x in os.scandir(root):
             ^^^^^^^^^^^^^^^^
E   PermissionError: [WinError 5] Access is denied: 'C:\\Users\\sunara4530sw\\AppData\\Local\\Temp\\pytest-of-sunara4530sw'
============================== warnings summary ===============================
.venv\Lib\site-packages\fastapi\testclient.py:1
  C:\Users\sunara4530sw\Documents\Projects\RipplX\.venv\Lib\site-packages\fastapi\testclient.py:1: StarletteDeprecationWarning: Using `httpx` with `starlette.testclient` is deprecated; install `httpx2` instead.
    from starlette.testclient import TestClient as TestClient  # noqa

.venv\Lib\site-packages\_pytest\cacheprovider.py:469
  C:\Users\sunara4530sw\Documents\Projects\RipplX\.venv\Lib\site-packages\_pytest\cacheprovider.py:469: PytestCacheWarning: could not create cache path C:\Users\sunara4530sw\Documents\Projects\RipplX\.pytest_cache\v\cache\nodeids: [WinError 5] Access is denied: 'C:\\Users\\sunara4530sw\\Documents\\Projects\\RipplX\\.pytest_cache\\v\\cache'
    config.cache.set("cache/nodeids", sorted(self.cached_nodeids))

.venv\Lib\site-packages\_pytest\cacheprovider.py:423
  C:\Users\sunara4530sw\Documents\Projects\RipplX\.venv\Lib\site-packages\_pytest\cacheprovider.py:423: PytestCacheWarning: could not create cache path C:\Users\sunara4530sw\Documents\Projects\RipplX\.pytest_cache\v\cache\lastfailed: [WinError 5] Access is denied: 'C:\\Users\\sunara4530sw\\Documents\\Projects\\RipplX\\.pytest_cache\\v\\cache'
    config.cache.set("cache/lastfailed", self.lastfailed)

-- Docs: https://docs.pytest.org/en/stable/how-to/capture-warnings.html
=========================== short test summary info ===========================
ERROR tests/test_cli_ingest.py::test_add_then_ingest_via_cli - PermissionErro...
ERROR tests/test_cli_ingest.py::test_ingest_with_no_holdings_prompts_to_add
ERROR tests/test_cli_ingest.py::test_watch_registers_via_cli - PermissionErro...
ERROR tests/test_cli_ingest.py::test_cli_ingest_renders_per_cik_errors - Perm...
ERROR tests/test_cli_smoke.py::test_init_hard_fails_without_user_agent - Perm...
ERROR tests/test_cli_smoke.py::test_init_succeeds_with_user_agent - Permissio...
ERROR tests/test_cli_smoke.py::test_init_creates_database_file - PermissionEr...
ERROR tests/test_config.py::test_load_config_hard_fails_without_user_agent - ...
ERROR tests/test_config.py::test_load_config_reads_user_agent_from_env - Perm...
ERROR tests/test_config.py::test_real_env_wins_over_dotenv - PermissionError:...
ERROR tests/test_config.py::test_dotenv_used_when_env_absent - PermissionErro...
ERROR tests/test_digest.py::test_cli_digest_writes_file_and_persists_digest_row
ERROR tests/test_edgar.py::test_cache_serves_second_call - PermissionError: [...
ERROR tests/test_pipeline.py::test_cli_shadow_report - PermissionError: [WinE...
ERROR tests/test_run.py::test_cli_process_requires_models - PermissionError: ...
ERROR tests/test_run.py::test_cli_verify_missing_analysis - PermissionError: ...
ERROR tests/test_web.py::test_bootstrap_setup_and_session_key_are_safe - Perm...
ERROR tests/test_web.py::test_restart_keeps_portfolio_results_but_drops_session_key
ERROR tests/test_web.py::test_demo_contract_and_shadow_default_off - Permissi...
ERROR tests/test_web.py::test_live_shadow_requires_persisted_opt_in - Permiss...
ERROR tests/test_web.py::test_mutation_rejects_foreign_origin - PermissionErr...
ERROR tests/test_web.py::test_frontend_dist_can_be_configured_for_packaged_deployment
ERROR tests/test_web.py::test_web_sync_computes_and_persists_verified_metrics
224 passed, 5 deselected, 3 warnings, 23 errors in 10.98s
